[2026-05-27T11:39:08] Release id=20260527113908-03e71c7
[2026-05-27T11:39:08] Git branch=hotfix/live-runtime-stabilization-v3 commit=03e71c7 dirty=True
[2026-05-27T11:39:08] WhatIf=True RunMigration=False RunValidation=False
[2026-05-27T11:39:08] Running pre-deploy validation gate
[2026-05-27T11:39:44] Deployment failed: Pre-deploy validation failed: [2026-05-27T11:39:09] Validation start
[2026-05-27T11:39:09] FTP host=ftp.theboxerp.com user=admin@cakeouflage.com
[2026-05-27T11:39:09] DB host=mysql.gb.stackcp.com db=cakeouflageweb-353032394d0c
[2026-05-27T11:39:20] Writable check PASS path=storage
[2026-05-27T11:39:27] Writable check PASS path=uploads
[2026-05-27T11:39:35] Writable check PASS path=public/uploads
[2026-05-27T11:39:37] WARNING could not determine production DB server charset from diagnostics payload
[2026-05-27T11:39:38] HTTP https://cakeouflage.com/ => 200
[2026-05-27T11:39:39] HTTP https://cakeouflage.com/account => 200
[2026-05-27T11:39:40] HTTP https://cakeouflage.com/admin/login.php => 200
[2026-05-27T11:39:40] HTTP https://cakeouflage.com/api/health/db => 200
[31;1mException: [0mD:\GITHUB Projects\Cakeouflage E-commerce\cakeouflage-ecommerce\deploy\deploy-validate.ps1:54:13[0m
[31;1m[0m[36;1mLine |[0m
[31;1m[0m[36;1m[36;1m  54 | [0m             [36;1mthrow ('Auth validation failed: ' + ($authOutput -join "`[0m .[0m
[31;1m[0m[36;1m[36;1m[0m[36;1m[0m[36;1m     | [31;1m             ~~~~~~~~~~~~~~~~~~~~~~~~~~~~~~~~~~~~~~~~~~~~~~~~~~~~~~~~~[0m
[31;1m[0m[36;1m[36;1m[0m[36;1m[0m[36;1m[31;1m[31;1m[36;1m     | [31;1mAuth validation failed: [31;1mException: [0mD:\GITHUB[0m
[31;1m[0m[36;1m[36;1m[0m[36;1m[0m[36;1m[31;1m[31;1m[36;1m[31;1m[31;1m[0m[36;1m     | [31;1mProjects\Cakeouflage[0m
[31;1m[0m[36;1m[36;1m[0m[36;1m[0m[36;1m[31;1m[31;1m[36;1m[31;1m[31;1m[0m[36;1m[31;1m[36;1m     | [31;1mE-commerce\cakeouflage-ecommerce\scripts\qa\live_auth_verify.ps1:15:5[0m [31;1m[0m[36;1mLine |[0m [31;1m[0m[36;1m[36;1m  15 | [0m     [36;1mthrow 'CSRF token not found on /account'[0m [31;1m[0m[36;1m[36;1m[0m[36;1m[0m[36;1m     | [31;1m     ~~~~~~~~~~~~~~~~~~~~~~~~~~~~~~~~~~~~~~~~[0m [31;1m[0m[36;1m[36;1m[0m[36;1m[0m[36;1m[31;1m[31;1m[36;1m     | [31;1mCSRF token not found on /account[0m
