[26-May-2026 05:17:53 UTC] [admin_auth] {"event":"runtime_identity_mutation_skipped","time":"2026-05-26T05:17:53+00:00","reason":"non_dev_environment"}
[26-May-2026 05:23:49 UTC] [admin_auth] {"event":"runtime_identity_mutation_skipped","time":"2026-05-26T05:23:49+00:00","reason":"non_dev_environment"}
[26-May-2026 15:46:40 Asia/Kolkata] [admin_auth] {"event":"runtime_identity_mutation_skipped","time":"2026-05-26T10:16:40+00:00","reason":"non_dev_environment"}
[26-May-2026 15:46:56 Asia/Kolkata] [admin_auth] {"event":"runtime_identity_mutation_skipped","time":"2026-05-26T10:16:56+00:00","reason":"non_dev_environment"}
[26-May-2026 15:46:56 Asia/Kolkata] [admin_auth] {"event":"otp_generated","time":"2026-05-26T10:16:56+00:00","email_ref":"697e8521818b","otp_length":6}
[26-May-2026 15:46:56 Asia/Kolkata] [admin_auth] {"event":"otp_send_attempt","time":"2026-05-26T10:16:56+00:00","email_ref":"697e8521818b"}
[26-May-2026 15:47:10 Asia/Kolkata] SMTP OTP SEND SUCCESS: {"host":"smtp.dcoresystems.com","port":587,"encryption":"tls","auth_enabled":true,"username_set":true,"from_email_set":true}
[26-May-2026 15:47:10 Asia/Kolkata] [admin_auth] {"event":"otp_send_success","time":"2026-05-26T10:17:10+00:00","email_ref":"697e8521818b"}
[26-May-2026 15:47:47 Asia/Kolkata] [admin_auth] {"event":"runtime_identity_mutation_skipped","time":"2026-05-26T10:17:47+00:00","reason":"non_dev_environment"}
[26-May-2026 15:47:47 Asia/Kolkata] [admin_auth] {"event":"session_regenerated","time":"2026-05-26T10:17:47+00:00","email_ref":"697e8521818b"}
[26-May-2026 15:47:47 Asia/Kolkata] [admin_auth] {"event":"otp_verify_success","time":"2026-05-26T10:17:47+00:00","email_ref":"697e8521818b","admin_id":1}
[26-May-2026 16:15:32 Asia/Kolkata] [admin_auth] {"event":"runtime_identity_mutation_skipped","time":"2026-05-26T10:45:32+00:00","reason":"non_dev_environment"}
[26-May-2026 16:15:34 Asia/Kolkata] [admin_auth] {"event":"runtime_identity_mutation_skipped","time":"2026-05-26T10:45:34+00:00","reason":"non_dev_environment"}
[26-May-2026 16:16:08 Asia/Kolkata] [admin_auth] {"event":"runtime_identity_mutation_skipped","time":"2026-05-26T10:46:08+00:00","reason":"non_dev_environment"}
[26-May-2026 16:16:08 Asia/Kolkata] [admin_auth] {"event":"otp_generated","time":"2026-05-26T10:46:08+00:00","email_ref":"697e8521818b","otp_length":6}
[26-May-2026 16:16:08 Asia/Kolkata] [admin_auth] {"event":"otp_send_attempt","time":"2026-05-26T10:46:08+00:00","email_ref":"697e8521818b"}
[26-May-2026 16:16:20 Asia/Kolkata] SMTP OTP SEND SUCCESS: {"host":"smtp.dcoresystems.com","port":587,"encryption":"tls","auth_enabled":true,"username_set":true,"from_email_set":true}
[26-May-2026 16:16:20 Asia/Kolkata] [admin_auth] {"event":"otp_send_success","time":"2026-05-26T10:46:20+00:00","email_ref":"697e8521818b"}
[26-May-2026 16:18:30 Asia/Kolkata] [admin_auth] {"event":"runtime_identity_mutation_skipped","time":"2026-05-26T10:48:30+00:00","reason":"non_dev_environment"}
[26-May-2026 16:18:30 Asia/Kolkata] [admin_auth] {"event":"session_regenerated","time":"2026-05-26T10:48:30+00:00","email_ref":"697e8521818b"}
[26-May-2026 16:18:30 Asia/Kolkata] [admin_auth] {"event":"otp_verify_success","time":"2026-05-26T10:48:30+00:00","email_ref":"697e8521818b","admin_id":1}
[26-May-2026 18:32:35 Asia/Kolkata] [admin_auth] {"event":"runtime_identity_mutation_skipped","time":"2026-05-26T13:02:35+00:00","reason":"non_dev_environment"}
[26-May-2026 18:48:25 Asia/Kolkata] [admin_auth] {"event":"runtime_identity_mutation_skipped","time":"2026-05-26T13:18:25+00:00","reason":"non_dev_environment"}
[26-May-2026 18:48:43 Asia/Kolkata] [admin_auth] {"event":"runtime_identity_mutation_skipped","time":"2026-05-26T13:18:43+00:00","reason":"non_dev_environment"}
[26-May-2026 18:49:56 Asia/Kolkata] [admin_auth] {"event":"runtime_identity_mutation_skipped","time":"2026-05-26T13:19:56+00:00","reason":"non_dev_environment"}
[26-May-2026 18:49:56 Asia/Kolkata] [admin_auth] {"event":"otp_generated","time":"2026-05-26T13:19:56+00:00","email_ref":"697e8521818b","otp_length":6}
[26-May-2026 18:49:56 Asia/Kolkata] [admin_auth] {"event":"otp_send_attempt","time":"2026-05-26T13:19:56+00:00","email_ref":"697e8521818b"}
[26-May-2026 18:50:06 Asia/Kolkata] SMTP OTP SEND SUCCESS: {"host":"smtp.dcoresystems.com","port":587,"encryption":"tls","auth_enabled":true,"username_set":true,"from_email_set":true}
[26-May-2026 18:50:06 Asia/Kolkata] [admin_auth] {"event":"otp_send_success","time":"2026-05-26T13:20:06+00:00","email_ref":"697e8521818b"}
[26-May-2026 18:50:22 Asia/Kolkata] [admin_auth] {"event":"runtime_identity_mutation_skipped","time":"2026-05-26T13:20:22+00:00","reason":"non_dev_environment"}
[26-May-2026 18:50:22 Asia/Kolkata] [admin_auth] {"event":"session_regenerated","time":"2026-05-26T13:20:22+00:00","email_ref":"697e8521818b"}
[26-May-2026 18:50:22 Asia/Kolkata] [admin_auth] {"event":"otp_verify_success","time":"2026-05-26T13:20:22+00:00","email_ref":"697e8521818b","admin_id":1}
[26-May-2026 22:44:58 Asia/Kolkata] [admin_auth] {"event":"runtime_identity_mutation_skipped","time":"2026-05-26T17:14:58+00:00","reason":"non_dev_environment"}
[26-May-2026 22:45:00 Asia/Kolkata] [admin_auth] {"event":"runtime_identity_mutation_skipped","time":"2026-05-26T17:15:00+00:00","reason":"non_dev_environment"}
[27-May-2026 18:45:19 Asia/Kolkata] [admin_auth] {"event":"runtime_identity_mutation_skipped","time":"2026-05-27T13:15:19+00:00","reason":"non_dev_environment"}
[27-May-2026 18:45:23 Asia/Kolkata] [admin_auth] {"event":"runtime_identity_mutation_skipped","time":"2026-05-27T13:15:23+00:00","reason":"non_dev_environment"}
[27-May-2026 18:45:23 Asia/Kolkata] [admin_auth] {"event":"session_regenerated","time":"2026-05-27T13:15:23+00:00","email_ref":"697e8521818b"}
[27-May-2026 18:45:23 Asia/Kolkata] [admin_auth] {"event":"otp_verify_success","time":"2026-05-27T13:15:23+00:00","email_ref":"697e8521818b","admin_id":1}
[27-May-2026 18:46:12 Asia/Kolkata] [admin_auth] {"event":"runtime_identity_mutation_skipped","time":"2026-05-27T13:16:12+00:00","reason":"non_dev_environment"}
[27-May-2026 18:46:13 Asia/Kolkata] [admin_auth] {"event":"runtime_identity_mutation_skipped","time":"2026-05-27T13:16:13+00:00","reason":"non_dev_environment"}
[27-May-2026 18:46:13 Asia/Kolkata] [admin_auth] {"event":"session_regenerated","time":"2026-05-27T13:16:13+00:00","email_ref":"697e8521818b"}
[27-May-2026 18:46:13 Asia/Kolkata] [admin_auth] {"event":"otp_verify_success","time":"2026-05-27T13:16:13+00:00","email_ref":"697e8521818b","admin_id":1}
[27-May-2026 18:48:05 Asia/Kolkata] [admin_auth] {"event":"runtime_identity_mutation_skipped","time":"2026-05-27T13:18:05+00:00","reason":"non_dev_environment"}
[27-May-2026 18:48:08 Asia/Kolkata] [admin_auth] {"event":"runtime_identity_mutation_skipped","time":"2026-05-27T13:18:08+00:00","reason":"non_dev_environment"}
[27-May-2026 18:48:08 Asia/Kolkata] [admin_auth] {"event":"session_regenerated","time":"2026-05-27T13:18:08+00:00","email_ref":"697e8521818b"}
[27-May-2026 18:48:08 Asia/Kolkata] [admin_auth] {"event":"otp_verify_success","time":"2026-05-27T13:18:08+00:00","email_ref":"697e8521818b","admin_id":1}
[27-May-2026 18:48:31 Asia/Kolkata] [admin_auth] {"event":"runtime_identity_mutation_skipped","time":"2026-05-27T13:18:31+00:00","reason":"non_dev_environment"}
[27-May-2026 18:48:35 Asia/Kolkata] [admin_auth] {"event":"runtime_identity_mutation_skipped","time":"2026-05-27T13:18:35+00:00","reason":"non_dev_environment"}
[27-May-2026 18:48:35 Asia/Kolkata] [admin_auth] {"event":"session_regenerated","time":"2026-05-27T13:18:35+00:00","email_ref":"697e8521818b"}
[27-May-2026 18:48:35 Asia/Kolkata] [admin_auth] {"event":"otp_verify_success","time":"2026-05-27T13:18:35+00:00","email_ref":"697e8521818b","admin_id":1}
[27-May-2026 18:52:33 Asia/Kolkata] [admin_auth] {"event":"runtime_identity_mutation_skipped","time":"2026-05-27T13:22:33+00:00","reason":"non_dev_environment"}
[27-May-2026 18:52:34 Asia/Kolkata] [admin_auth] {"event":"runtime_identity_mutation_skipped","time":"2026-05-27T13:22:34+00:00","reason":"non_dev_environment"}
[27-May-2026 18:52:34 Asia/Kolkata] [admin_auth] {"event":"session_regenerated","time":"2026-05-27T13:22:34+00:00","email_ref":"697e8521818b"}
[27-May-2026 18:52:34 Asia/Kolkata] [admin_auth] {"event":"otp_verify_success","time":"2026-05-27T13:22:34+00:00","email_ref":"697e8521818b","admin_id":1}
[27-May-2026 18:53:18 Asia/Kolkata] [admin_auth] {"event":"runtime_identity_mutation_skipped","time":"2026-05-27T13:23:18+00:00","reason":"non_dev_environment"}
[27-May-2026 18:53:20 Asia/Kolkata] [admin_auth] {"event":"runtime_identity_mutation_skipped","time":"2026-05-27T13:23:20+00:00","reason":"non_dev_environment"}
[27-May-2026 18:53:21 Asia/Kolkata] [admin_auth] {"event":"session_regenerated","time":"2026-05-27T13:23:21+00:00","email_ref":"697e8521818b"}
[27-May-2026 18:53:21 Asia/Kolkata] [admin_auth] {"event":"otp_verify_success","time":"2026-05-27T13:23:21+00:00","email_ref":"697e8521818b","admin_id":1}
[27-May-2026 18:54:32 Asia/Kolkata] [admin_auth] {"event":"runtime_identity_mutation_skipped","time":"2026-05-27T13:24:32+00:00","reason":"non_dev_environment"}
[27-May-2026 18:54:40 Asia/Kolkata] [admin_auth] {"event":"runtime_identity_mutation_skipped","time":"2026-05-27T13:24:40+00:00","reason":"non_dev_environment"}
[27-May-2026 18:54:40 Asia/Kolkata] [admin_auth] {"event":"session_regenerated","time":"2026-05-27T13:24:40+00:00","email_ref":"697e8521818b"}
[27-May-2026 18:54:40 Asia/Kolkata] [admin_auth] {"event":"otp_verify_success","time":"2026-05-27T13:24:40+00:00","email_ref":"697e8521818b","admin_id":1}
[27-May-2026 18:56:30 Asia/Kolkata] [admin_auth] {"event":"runtime_identity_mutation_skipped","time":"2026-05-27T13:26:30+00:00","reason":"non_dev_environment"}
[27-May-2026 18:56:30 Asia/Kolkata] [admin_auth] {"event":"runtime_identity_mutation_skipped","time":"2026-05-27T13:26:30+00:00","reason":"non_dev_environment"}
[27-May-2026 18:56:30 Asia/Kolkata] [admin_auth] {"event":"session_regenerated","time":"2026-05-27T13:26:30+00:00","email_ref":"697e8521818b"}
[27-May-2026 18:56:30 Asia/Kolkata] [admin_auth] {"event":"otp_verify_success","time":"2026-05-27T13:26:30+00:00","email_ref":"697e8521818b","admin_id":1}
[27-May-2026 19:14:24 Asia/Kolkata] [admin_auth] {"event":"runtime_identity_mutation_skipped","time":"2026-05-27T13:44:24+00:00","reason":"non_dev_environment"}
[27-May-2026 19:14:27 Asia/Kolkata] [admin_auth] {"event":"runtime_identity_mutation_skipped","time":"2026-05-27T13:44:27+00:00","reason":"non_dev_environment"}
[27-May-2026 19:14:27 Asia/Kolkata] [admin_auth] {"event":"session_regenerated","time":"2026-05-27T13:44:27+00:00","email_ref":"697e8521818b"}
[27-May-2026 19:14:27 Asia/Kolkata] [admin_auth] {"event":"otp_verify_success","time":"2026-05-27T13:44:27+00:00","email_ref":"697e8521818b","admin_id":1}
[27-May-2026 19:15:10 Asia/Kolkata] [admin_auth] {"event":"runtime_identity_mutation_skipped","time":"2026-05-27T13:45:10+00:00","reason":"non_dev_environment"}
[27-May-2026 19:15:12 Asia/Kolkata] [admin_auth] {"event":"runtime_identity_mutation_skipped","time":"2026-05-27T13:45:12+00:00","reason":"non_dev_environment"}
[27-May-2026 19:15:12 Asia/Kolkata] [admin_auth] {"event":"session_regenerated","time":"2026-05-27T13:45:12+00:00","email_ref":"697e8521818b"}
[27-May-2026 19:15:12 Asia/Kolkata] [admin_auth] {"event":"otp_verify_success","time":"2026-05-27T13:45:12+00:00","email_ref":"697e8521818b","admin_id":1}
[27-May-2026 19:17:32 Asia/Kolkata] [admin_auth] {"event":"runtime_identity_mutation_skipped","time":"2026-05-27T13:47:32+00:00","reason":"non_dev_environment"}
[27-May-2026 19:17:42 Asia/Kolkata] [admin_auth] {"event":"runtime_identity_mutation_skipped","time":"2026-05-27T13:47:42+00:00","reason":"non_dev_environment"}
[27-May-2026 19:17:42 Asia/Kolkata] [admin_auth] {"event":"session_regenerated","time":"2026-05-27T13:47:42+00:00","email_ref":"697e8521818b"}
[27-May-2026 19:17:42 Asia/Kolkata] [admin_auth] {"event":"otp_verify_success","time":"2026-05-27T13:47:42+00:00","email_ref":"697e8521818b","admin_id":1}
[27-May-2026 19:18:14 Asia/Kolkata] [admin_auth] {"event":"runtime_identity_mutation_skipped","time":"2026-05-27T13:48:14+00:00","reason":"non_dev_environment"}
[27-May-2026 19:18:20 Asia/Kolkata] [admin_auth] {"event":"runtime_identity_mutation_skipped","time":"2026-05-27T13:48:20+00:00","reason":"non_dev_environment"}
[27-May-2026 19:18:21 Asia/Kolkata] [admin_auth] {"event":"session_regenerated","time":"2026-05-27T13:48:21+00:00","email_ref":"697e8521818b"}
[27-May-2026 19:18:21 Asia/Kolkata] [admin_auth] {"event":"otp_verify_success","time":"2026-05-27T13:48:21+00:00","email_ref":"697e8521818b","admin_id":1}
[27-May-2026 19:18:46 Asia/Kolkata] [admin_auth] {"event":"runtime_identity_mutation_skipped","time":"2026-05-27T13:48:46+00:00","reason":"non_dev_environment"}
[27-May-2026 19:18:52 Asia/Kolkata] [admin_auth] {"event":"runtime_identity_mutation_skipped","time":"2026-05-27T13:48:51+00:00","reason":"non_dev_environment"}
[27-May-2026 19:18:52 Asia/Kolkata] [admin_auth] {"event":"session_regenerated","time":"2026-05-27T13:48:52+00:00","email_ref":"697e8521818b"}
[27-May-2026 19:18:52 Asia/Kolkata] [admin_auth] {"event":"otp_verify_success","time":"2026-05-27T13:48:52+00:00","email_ref":"697e8521818b","admin_id":1}
[27-May-2026 19:20:03 Asia/Kolkata] [admin_auth] {"event":"runtime_identity_mutation_skipped","time":"2026-05-27T13:50:03+00:00","reason":"non_dev_environment"}
[27-May-2026 19:20:08 Asia/Kolkata] [admin_auth] {"event":"runtime_identity_mutation_skipped","time":"2026-05-27T13:50:08+00:00","reason":"non_dev_environment"}
[27-May-2026 19:20:09 Asia/Kolkata] [admin_auth] {"event":"session_regenerated","time":"2026-05-27T13:50:09+00:00","email_ref":"697e8521818b"}
[27-May-2026 19:20:09 Asia/Kolkata] [admin_auth] {"event":"otp_verify_success","time":"2026-05-27T13:50:09+00:00","email_ref":"697e8521818b","admin_id":1}
[27-May-2026 19:21:36 Asia/Kolkata] [admin_auth] {"event":"runtime_identity_mutation_skipped","time":"2026-05-27T13:51:36+00:00","reason":"non_dev_environment"}
[27-May-2026 19:21:39 Asia/Kolkata] [admin_auth] {"event":"runtime_identity_mutation_skipped","time":"2026-05-27T13:51:39+00:00","reason":"non_dev_environment"}
[27-May-2026 19:21:39 Asia/Kolkata] [admin_auth] {"event":"session_regenerated","time":"2026-05-27T13:51:39+00:00","email_ref":"697e8521818b"}
[27-May-2026 19:21:39 Asia/Kolkata] [admin_auth] {"event":"otp_verify_success","time":"2026-05-27T13:51:39+00:00","email_ref":"697e8521818b","admin_id":1}
[27-May-2026 19:27:48 Asia/Kolkata] [admin_auth] {"event":"runtime_identity_mutation_skipped","time":"2026-05-27T13:57:48+00:00","reason":"non_dev_environment"}
[27-May-2026 19:27:52 Asia/Kolkata] [admin_auth] {"event":"runtime_identity_mutation_skipped","time":"2026-05-27T13:57:52+00:00","reason":"non_dev_environment"}
[27-May-2026 19:27:52 Asia/Kolkata] [admin_auth] {"event":"session_regenerated","time":"2026-05-27T13:57:52+00:00","email_ref":"697e8521818b"}
[27-May-2026 19:27:52 Asia/Kolkata] [admin_auth] {"event":"otp_verify_success","time":"2026-05-27T13:57:52+00:00","email_ref":"697e8521818b","admin_id":1}
[27-May-2026 19:31:21 Asia/Kolkata] [admin_auth] {"event":"runtime_identity_mutation_skipped","time":"2026-05-27T14:01:21+00:00","reason":"non_dev_environment"}
[27-May-2026 19:31:22 Asia/Kolkata] [admin_auth] {"event":"runtime_identity_mutation_skipped","time":"2026-05-27T14:01:22+00:00","reason":"non_dev_environment"}
[27-May-2026 19:31:22 Asia/Kolkata] [admin_auth] {"event":"session_regenerated","time":"2026-05-27T14:01:22+00:00","email_ref":"697e8521818b"}
[27-May-2026 19:31:22 Asia/Kolkata] [admin_auth] {"event":"otp_verify_success","time":"2026-05-27T14:01:22+00:00","email_ref":"697e8521818b","admin_id":1}
[27-May-2026 19:34:54 Asia/Kolkata] [admin_auth] {"event":"runtime_identity_mutation_skipped","time":"2026-05-27T14:04:54+00:00","reason":"non_dev_environment"}
[27-May-2026 19:34:58 Asia/Kolkata] [admin_auth] {"event":"runtime_identity_mutation_skipped","time":"2026-05-27T14:04:58+00:00","reason":"non_dev_environment"}
[27-May-2026 19:34:59 Asia/Kolkata] [admin_auth] {"event":"session_regenerated","time":"2026-05-27T14:04:59+00:00","email_ref":"697e8521818b"}
[27-May-2026 19:34:59 Asia/Kolkata] [admin_auth] {"event":"otp_verify_success","time":"2026-05-27T14:04:59+00:00","email_ref":"697e8521818b","admin_id":1}
[27-May-2026 19:35:38 Asia/Kolkata] [admin_auth] {"event":"runtime_identity_mutation_skipped","time":"2026-05-27T14:05:38+00:00","reason":"non_dev_environment"}
[27-May-2026 19:35:45 Asia/Kolkata] [admin_auth] {"event":"runtime_identity_mutation_skipped","time":"2026-05-27T14:05:45+00:00","reason":"non_dev_environment"}
[27-May-2026 19:35:45 Asia/Kolkata] [admin_auth] {"event":"session_regenerated","time":"2026-05-27T14:05:45+00:00","email_ref":"697e8521818b"}
[27-May-2026 19:35:45 Asia/Kolkata] [admin_auth] {"event":"otp_verify_success","time":"2026-05-27T14:05:45+00:00","email_ref":"697e8521818b","admin_id":1}
[27-May-2026 20:06:56 Asia/Kolkata] [admin_auth] {"event":"runtime_identity_mutation_skipped","time":"2026-05-27T14:36:56+00:00","reason":"non_dev_environment"}
[27-May-2026 20:06:59 Asia/Kolkata] [admin_auth] {"event":"runtime_identity_mutation_skipped","time":"2026-05-27T14:36:59+00:00","reason":"non_dev_environment"}
[27-May-2026 20:06:59 Asia/Kolkata] [admin_auth] {"event":"session_regenerated","time":"2026-05-27T14:36:59+00:00","email_ref":"697e8521818b"}
[27-May-2026 20:06:59 Asia/Kolkata] [admin_auth] {"event":"otp_verify_success","time":"2026-05-27T14:36:59+00:00","email_ref":"697e8521818b","admin_id":1}
[27-May-2026 20:08:06 Asia/Kolkata] [admin_auth] {"event":"runtime_identity_mutation_skipped","time":"2026-05-27T14:38:06+00:00","reason":"non_dev_environment"}
[27-May-2026 20:08:10 Asia/Kolkata] [admin_auth] {"event":"runtime_identity_mutation_skipped","time":"2026-05-27T14:38:10+00:00","reason":"non_dev_environment"}
[27-May-2026 20:08:10 Asia/Kolkata] [admin_auth] {"event":"session_regenerated","time":"2026-05-27T14:38:10+00:00","email_ref":"697e8521818b"}
[27-May-2026 20:08:10 Asia/Kolkata] [admin_auth] {"event":"otp_verify_success","time":"2026-05-27T14:38:10+00:00","email_ref":"697e8521818b","admin_id":1}
[27-May-2026 20:08:13 Asia/Kolkata] [admin_auth] {"event":"runtime_identity_mutation_skipped","time":"2026-05-27T14:38:13+00:00","reason":"non_dev_environment"}
[27-May-2026 20:08:19 Asia/Kolkata] [admin_auth] {"event":"runtime_identity_mutation_skipped","time":"2026-05-27T14:38:19+00:00","reason":"non_dev_environment"}
[27-May-2026 20:08:19 Asia/Kolkata] [admin_auth] {"event":"session_regenerated","time":"2026-05-27T14:38:19+00:00","email_ref":"697e8521818b"}
[27-May-2026 20:08:19 Asia/Kolkata] [admin_auth] {"event":"otp_verify_success","time":"2026-05-27T14:38:19+00:00","email_ref":"697e8521818b","admin_id":1}
[27-May-2026 20:09:28 Asia/Kolkata] [admin_auth] {"event":"runtime_identity_mutation_skipped","time":"2026-05-27T14:39:28+00:00","reason":"non_dev_environment"}
[27-May-2026 20:09:33 Asia/Kolkata] [admin_auth] {"event":"runtime_identity_mutation_skipped","time":"2026-05-27T14:39:33+00:00","reason":"non_dev_environment"}
[27-May-2026 20:09:33 Asia/Kolkata] [admin_auth] {"event":"session_regenerated","time":"2026-05-27T14:39:33+00:00","email_ref":"697e8521818b"}
[27-May-2026 20:09:33 Asia/Kolkata] [admin_auth] {"event":"otp_verify_success","time":"2026-05-27T14:39:33+00:00","email_ref":"697e8521818b","admin_id":1}
[27-May-2026 20:10:16 Asia/Kolkata] [admin_auth] {"event":"runtime_identity_mutation_skipped","time":"2026-05-27T14:40:16+00:00","reason":"non_dev_environment"}
[27-May-2026 20:10:19 Asia/Kolkata] [admin_auth] {"event":"runtime_identity_mutation_skipped","time":"2026-05-27T14:40:19+00:00","reason":"non_dev_environment"}
[27-May-2026 20:10:19 Asia/Kolkata] [admin_auth] {"event":"session_regenerated","time":"2026-05-27T14:40:19+00:00","email_ref":"697e8521818b"}
[27-May-2026 20:10:19 Asia/Kolkata] [admin_auth] {"event":"otp_verify_success","time":"2026-05-27T14:40:19+00:00","email_ref":"697e8521818b","admin_id":1}
[27-May-2026 20:11:20 Asia/Kolkata] [admin_auth] {"event":"runtime_identity_mutation_skipped","time":"2026-05-27T14:41:20+00:00","reason":"non_dev_environment"}
[27-May-2026 20:11:24 Asia/Kolkata] [admin_auth] {"event":"runtime_identity_mutation_skipped","time":"2026-05-27T14:41:24+00:00","reason":"non_dev_environment"}
[27-May-2026 20:11:24 Asia/Kolkata] [admin_auth] {"event":"session_regenerated","time":"2026-05-27T14:41:24+00:00","email_ref":"697e8521818b"}
[27-May-2026 20:11:24 Asia/Kolkata] [admin_auth] {"event":"otp_verify_success","time":"2026-05-27T14:41:24+00:00","email_ref":"697e8521818b","admin_id":1}
[27-May-2026 20:12:02 Asia/Kolkata] [admin_auth] {"event":"runtime_identity_mutation_skipped","time":"2026-05-27T14:42:02+00:00","reason":"non_dev_environment"}
[27-May-2026 20:12:06 Asia/Kolkata] [admin_auth] {"event":"runtime_identity_mutation_skipped","time":"2026-05-27T14:42:06+00:00","reason":"non_dev_environment"}
[27-May-2026 20:12:06 Asia/Kolkata] [admin_auth] {"event":"session_regenerated","time":"2026-05-27T14:42:06+00:00","email_ref":"697e8521818b"}
[27-May-2026 20:12:06 Asia/Kolkata] [admin_auth] {"event":"otp_verify_success","time":"2026-05-27T14:42:06+00:00","email_ref":"697e8521818b","admin_id":1}
[27-May-2026 20:12:09 Asia/Kolkata] [admin_auth] {"event":"runtime_identity_mutation_skipped","time":"2026-05-27T14:42:09+00:00","reason":"non_dev_environment"}
[27-May-2026 20:12:11 Asia/Kolkata] [admin_auth] {"event":"runtime_identity_mutation_skipped","time":"2026-05-27T14:42:11+00:00","reason":"non_dev_environment"}
[27-May-2026 20:12:11 Asia/Kolkata] [admin_auth] {"event":"session_regenerated","time":"2026-05-27T14:42:11+00:00","email_ref":"697e8521818b"}
[27-May-2026 20:12:11 Asia/Kolkata] [admin_auth] {"event":"otp_verify_success","time":"2026-05-27T14:42:11+00:00","email_ref":"697e8521818b","admin_id":1}
[28-May-2026 08:55:45 Asia/Kolkata] [admin_auth] {"event":"runtime_identity_mutation_skipped","time":"2026-05-28T03:25:45+00:00","reason":"non_dev_environment"}
[28-May-2026 08:55:48 Asia/Kolkata] [admin_auth] {"event":"runtime_identity_mutation_skipped","time":"2026-05-28T03:25:48+00:00","reason":"non_dev_environment"}
[28-May-2026 08:55:48 Asia/Kolkata] [admin_auth] {"event":"otp_generated","time":"2026-05-28T03:25:48+00:00","email_ref":"697e8521818b","otp_length":6}
[28-May-2026 08:55:48 Asia/Kolkata] [admin_auth] {"event":"otp_send_attempt","time":"2026-05-28T03:25:48+00:00","email_ref":"697e8521818b"}
[28-May-2026 08:55:55 Asia/Kolkata] SMTP OTP SEND SUCCESS: {"host":"smtp.dcoresystems.com","port":587,"encryption":"tls","auth_enabled":true,"username_set":true,"from_email_set":true}
[28-May-2026 08:55:55 Asia/Kolkata] [admin_auth] {"event":"otp_send_success","time":"2026-05-28T03:25:55+00:00","email_ref":"697e8521818b"}
[28-May-2026 08:56:09 Asia/Kolkata] [admin_auth] {"event":"runtime_identity_mutation_skipped","time":"2026-05-28T03:26:09+00:00","reason":"non_dev_environment"}
[28-May-2026 08:56:09 Asia/Kolkata] [admin_auth] {"event":"session_regenerated","time":"2026-05-28T03:26:09+00:00","email_ref":"697e8521818b"}
[28-May-2026 08:56:09 Asia/Kolkata] [admin_auth] {"event":"otp_verify_success","time":"2026-05-28T03:26:09+00:00","email_ref":"697e8521818b","admin_id":1}
[28-May-2026 10:29:34 Asia/Kolkata] [admin_auth] {"event":"runtime_identity_mutation_skipped","time":"2026-05-28T04:59:34+00:00","reason":"non_dev_environment"}
[28-May-2026 10:30:27 Asia/Kolkata] [admin_auth] {"event":"runtime_identity_mutation_skipped","time":"2026-05-28T05:00:27+00:00","reason":"non_dev_environment"}
[28-May-2026 10:30:28 Asia/Kolkata] [admin_auth] {"event":"session_regenerated","time":"2026-05-28T05:00:28+00:00","email_ref":"697e8521818b"}
[28-May-2026 10:30:28 Asia/Kolkata] [admin_auth] {"event":"otp_verify_success","time":"2026-05-28T05:00:28+00:00","email_ref":"697e8521818b","admin_id":1}
[28-May-2026 10:30:47 Asia/Kolkata] [admin_auth] {"event":"runtime_identity_mutation_skipped","time":"2026-05-28T05:00:47+00:00","reason":"non_dev_environment"}
[28-May-2026 10:30:47 Asia/Kolkata] [admin_auth] {"event":"session_regenerated","time":"2026-05-28T05:00:47+00:00","email_ref":"697e8521818b"}
[28-May-2026 10:30:47 Asia/Kolkata] [admin_auth] {"event":"otp_verify_success","time":"2026-05-28T05:00:47+00:00","email_ref":"697e8521818b","admin_id":1}
[28-May-2026 17:29:47 Asia/Kolkata] [admin_auth] {"event":"runtime_identity_mutation_skipped","time":"2026-05-28T11:59:47+00:00","reason":"non_dev_environment"}
[28-May-2026 17:29:51 Asia/Kolkata] [admin_auth] {"event":"runtime_identity_mutation_skipped","time":"2026-05-28T11:59:51+00:00","reason":"non_dev_environment"}
[28-May-2026 17:29:51 Asia/Kolkata] [admin_auth] {"event":"otp_generated","time":"2026-05-28T11:59:51+00:00","email_ref":"697e8521818b","otp_length":6}
[28-May-2026 17:29:51 Asia/Kolkata] [admin_auth] {"event":"otp_send_attempt","time":"2026-05-28T11:59:51+00:00","email_ref":"697e8521818b"}
[28-May-2026 17:29:57 Asia/Kolkata] SMTP OTP SEND SUCCESS: {"host":"smtp.dcoresystems.com","port":587,"encryption":"tls","auth_enabled":true,"username_set":true,"from_email_set":true}
[28-May-2026 17:29:57 Asia/Kolkata] [admin_auth] {"event":"otp_send_success","time":"2026-05-28T11:59:57+00:00","email_ref":"697e8521818b"}
[28-May-2026 17:47:16 Asia/Kolkata] [admin_auth] {"event":"runtime_identity_mutation_skipped","time":"2026-05-28T12:17:16+00:00","reason":"non_dev_environment"}
[28-May-2026 17:47:16 Asia/Kolkata] [admin_auth] {"event":"otp_verify_failure","time":"2026-05-28T12:17:16+00:00","email_ref":"697e8521818b","reason":"expired"}
[28-May-2026 17:47:19 Asia/Kolkata] [admin_auth] {"event":"runtime_identity_mutation_skipped","time":"2026-05-28T12:17:19+00:00","reason":"non_dev_environment"}
[28-May-2026 17:47:19 Asia/Kolkata] [admin_auth] {"event":"otp_generated","time":"2026-05-28T12:17:19+00:00","email_ref":"697e8521818b","otp_length":6}
[28-May-2026 17:47:19 Asia/Kolkata] [admin_auth] {"event":"otp_send_attempt","time":"2026-05-28T12:17:19+00:00","email_ref":"697e8521818b"}
[28-May-2026 17:47:22 Asia/Kolkata] SMTP OTP SEND SUCCESS: {"host":"smtp.dcoresystems.com","port":587,"encryption":"tls","auth_enabled":true,"username_set":true,"from_email_set":true}
[28-May-2026 17:47:22 Asia/Kolkata] [admin_auth] {"event":"otp_send_success","time":"2026-05-28T12:17:22+00:00","email_ref":"697e8521818b"}
[28-May-2026 17:47:34 Asia/Kolkata] [admin_auth] {"event":"runtime_identity_mutation_skipped","time":"2026-05-28T12:17:34+00:00","reason":"non_dev_environment"}
[28-May-2026 17:47:34 Asia/Kolkata] [admin_auth] {"event":"session_regenerated","time":"2026-05-28T12:17:34+00:00","email_ref":"697e8521818b"}
[28-May-2026 17:47:34 Asia/Kolkata] [admin_auth] {"event":"otp_verify_success","time":"2026-05-28T12:17:34+00:00","email_ref":"697e8521818b","admin_id":1}
[29-May-2026 12:33:47 Asia/Kolkata] [admin_auth] {"event":"runtime_identity_mutation_skipped","time":"2026-05-29T07:03:47+00:00","reason":"non_dev_environment"}
[29-May-2026 12:34:45 Asia/Kolkata] [admin_auth] {"event":"runtime_identity_mutation_skipped","time":"2026-05-29T07:04:45+00:00","reason":"non_dev_environment"}
[29-May-2026 13:44:01 Asia/Kolkata] [admin_auth] {"event":"runtime_identity_mutation_skipped","time":"2026-05-29T08:14:01+00:00","reason":"non_dev_environment"}
[29-May-2026 13:44:30 Asia/Kolkata] [admin_auth] {"event":"runtime_identity_mutation_skipped","time":"2026-05-29T08:14:30+00:00","reason":"non_dev_environment"}
[29-May-2026 13:44:30 Asia/Kolkata] [admin_auth] {"event":"otp_cooldown_block","time":"2026-05-29T08:14:30+00:00","email_ref":"697e8521818b"}
[29-May-2026 13:45:07 Asia/Kolkata] [admin_auth] {"event":"runtime_identity_mutation_skipped","time":"2026-05-29T08:15:07+00:00","reason":"non_dev_environment"}
[29-May-2026 13:45:08 Asia/Kolkata] [admin_auth] {"event":"session_regenerated","time":"2026-05-29T08:15:08+00:00","email_ref":"697e8521818b"}
[29-May-2026 13:45:08 Asia/Kolkata] [admin_auth] {"event":"otp_verify_success","time":"2026-05-29T08:15:08+00:00","email_ref":"697e8521818b","admin_id":1}
[29-May-2026 13:55:42 Asia/Kolkata] [admin_auth] {"event":"runtime_identity_mutation_skipped","time":"2026-05-29T08:25:41+00:00","reason":"non_dev_environment"}
[29-May-2026 13:55:46 Asia/Kolkata] [admin_auth] {"event":"runtime_identity_mutation_skipped","time":"2026-05-29T08:25:46+00:00","reason":"non_dev_environment"}
[29-May-2026 13:55:46 Asia/Kolkata] [admin_auth] {"event":"otp_generated","time":"2026-05-29T08:25:46+00:00","email_ref":"697e8521818b","otp_length":6}
[29-May-2026 13:55:47 Asia/Kolkata] [admin_auth] {"event":"otp_send_attempt","time":"2026-05-29T08:25:46+00:00","email_ref":"697e8521818b"}
[29-May-2026 13:55:51 Asia/Kolkata] SMTP OTP SEND SUCCESS: {"host":"smtp.dcoresystems.com","port":587,"encryption":"tls","auth_enabled":true,"username_set":true,"from_email_set":true}
[29-May-2026 13:55:51 Asia/Kolkata] [admin_auth] {"event":"otp_send_success","time":"2026-05-29T08:25:51+00:00","email_ref":"697e8521818b"}
[29-May-2026 13:58:15 Asia/Kolkata] [admin_auth] {"event":"runtime_identity_mutation_skipped","time":"2026-05-29T08:28:15+00:00","reason":"non_dev_environment"}
[29-May-2026 13:58:15 Asia/Kolkata] [admin_auth] {"event":"session_regenerated","time":"2026-05-29T08:28:15+00:00","email_ref":"697e8521818b"}
[29-May-2026 13:58:15 Asia/Kolkata] [admin_auth] {"event":"otp_verify_success","time":"2026-05-29T08:28:15+00:00","email_ref":"697e8521818b","admin_id":1}
[29-May-2026 14:00:24 Asia/Kolkata] [admin_auth] {"event":"runtime_identity_mutation_skipped","time":"2026-05-29T08:30:24+00:00","reason":"non_dev_environment"}
[29-May-2026 14:00:28 Asia/Kolkata] [admin_auth] {"event":"runtime_identity_mutation_skipped","time":"2026-05-29T08:30:28+00:00","reason":"non_dev_environment"}
[29-May-2026 14:00:28 Asia/Kolkata] [admin_auth] {"event":"otp_generated","time":"2026-05-29T08:30:28+00:00","email_ref":"697e8521818b","otp_length":6}
[29-May-2026 14:00:28 Asia/Kolkata] [admin_auth] {"event":"otp_send_attempt","time":"2026-05-29T08:30:28+00:00","email_ref":"697e8521818b"}
[29-May-2026 14:00:32 Asia/Kolkata] SMTP OTP SEND SUCCESS: {"host":"smtp.dcoresystems.com","port":587,"encryption":"tls","auth_enabled":true,"username_set":true,"from_email_set":true}
[29-May-2026 14:00:32 Asia/Kolkata] [admin_auth] {"event":"otp_send_success","time":"2026-05-29T08:30:32+00:00","email_ref":"697e8521818b"}
[29-May-2026 14:00:42 Asia/Kolkata] [admin_auth] {"event":"runtime_identity_mutation_skipped","time":"2026-05-29T08:30:42+00:00","reason":"non_dev_environment"}
[29-May-2026 14:00:42 Asia/Kolkata] [admin_auth] {"event":"session_regenerated","time":"2026-05-29T08:30:42+00:00","email_ref":"697e8521818b"}
[29-May-2026 14:00:42 Asia/Kolkata] [admin_auth] {"event":"otp_verify_success","time":"2026-05-29T08:30:42+00:00","email_ref":"697e8521818b","admin_id":1}
