[2026-05-24 07:15:56] WARN message=Queue enqueue skipped due to DB error error=Class "App\Core\Database" not found original=/public/uploads/originals/products/mainlogo_20260524071556_c2dc984b.png
[2026-05-24 07:15:56] OK module=product entity_type=product entity_id=244 mime=image/png bytes=110470 original=/public/uploads/originals/products/mainlogo_20260524071556_c2dc984b.png optimized=/public/uploads/optimized/products/mainlogo_20260524071556_c2dc984b.webp queue_id=0
[2026-05-24 13:36:07] OK module=branding entity_type=settings entity_id=1 mime=image/png bytes=110470 original=/public/uploads/originals/branding/mainlogo_20260524133606_ac8b1b07.png optimized=/public/uploads/optimized/branding/mainlogo_20260524133606_ac8b1b07.webp queue_id=53
[2026-05-24 08:33:41] WARN message=Queue enqueue skipped due to DB error error=Class "App\Core\Database" not found original=/public/uploads/originals/products/mainlogo_20260524083341_318c1a7d.png
[2026-05-24 08:33:41] OK module=product entity_type=product entity_id=244 mime=image/png bytes=110470 original=/public/uploads/originals/products/mainlogo_20260524083341_318c1a7d.png optimized=/public/uploads/optimized/products/mainlogo_20260524083341_318c1a7d.webp queue_id=0
[2026-05-24 08:33:41] WARN message=Queue enqueue skipped due to DB error error=Class "App\Core\Database" not found original=/public/uploads/originals/products/gemini_generated_image_yqsv0byqsv0byqsv_20260524083341_31b456d2.png
[2026-05-24 08:33:41] OK module=product_image_2 entity_type=product entity_id=244 mime=image/png bytes=7236370 original=/public/uploads/originals/products/gemini_generated_image_yqsv0byqsv0byqsv_20260524083341_31b456d2.png optimized=/public/uploads/optimized/products/gemini_generated_image_yqsv0byqsv0byqsv_20260524083341_31b456d2.webp queue_id=0
[2026-05-24 08:36:16] WARN message=Queue enqueue skipped due to DB error error=Class "App\Core\Database" not found original=/public/uploads/originals/products/mainlogo_20260524083616_6e3d210b.png
[2026-05-24 08:36:16] OK module=product entity_type=product entity_id=244 mime=image/png bytes=110470 original=/public/uploads/originals/products/mainlogo_20260524083616_6e3d210b.png optimized=/public/uploads/optimized/products/mainlogo_20260524083616_6e3d210b.webp queue_id=0
[2026-05-24 08:36:16] WARN message=Queue enqueue skipped due to DB error error=Class "App\Core\Database" not found original=/public/uploads/originals/products/whitelogo_20260524083616_11bef91f.png
[2026-05-24 08:36:16] OK module=product_image_2 entity_type=product entity_id=244 mime=image/png bytes=1855219 original=/public/uploads/originals/products/whitelogo_20260524083616_11bef91f.png optimized=/public/uploads/optimized/products/whitelogo_20260524083616_11bef91f.webp queue_id=0
[2026-05-24 08:41:42] WARN message=Queue enqueue skipped due to DB error error=Class "App\Core\Database" not found original=/public/uploads/originals/products/mainlogo_20260524084142_7ff65133.png
[2026-05-24 08:41:42] OK module=product entity_type=product entity_id=244 mime=image/png bytes=110470 original=/public/uploads/originals/products/mainlogo_20260524084142_7ff65133.png optimized=/public/uploads/optimized/products/mainlogo_20260524084142_7ff65133.webp queue_id=0
[2026-05-24 14:14:37] OK module=product entity_type=product entity_id=244 mime=image/png bytes=7426445 original=/public/uploads/originals/products/gemini_generated_image_be5o0ube5o0ube5o_20260524141437_aa26ca05.png optimized=/public/uploads/optimized/products/gemini_generated_image_be5o0ube5o0ube5o_20260524141437_aa26ca05.webp queue_id=54
[2026-05-24 14:18:20] OK module=product entity_type=product entity_id=1 mime=image/png bytes=1294100 original=/public/uploads/originals/products/sample-image-1_20260524141820_d9287cfd.png optimized=/public/uploads/optimized/products/sample-image-1_20260524141820_d9287cfd.webp queue_id=55
[2026-05-24 14:18:20] OK module=product entity_type=product entity_id=2 mime=image/png bytes=1294100 original=/public/uploads/originals/products/sample-image-2_20260524141820_53bd1945.png optimized=/public/uploads/optimized/products/sample-image-2_20260524141820_53bd1945.webp queue_id=56
[2026-05-24 14:18:27] OK module=product entity_type=product entity_id=3 mime=image/png bytes=1294100 original=/public/uploads/originals/products/sample-image-3_20260524141826_9b9f5112.png optimized=/public/uploads/optimized/products/sample-image-3_20260524141826_9b9f5112.webp queue_id=57
[2026-05-24 14:18:28] OK module=product entity_type=product entity_id=4 mime=image/png bytes=1294100 original=/public/uploads/originals/products/sample-image-4_20260524141827_1b9e9694.png optimized=/public/uploads/optimized/products/sample-image-4_20260524141827_1b9e9694.webp queue_id=58
[2026-05-24 14:18:28] OK module=product entity_type=product entity_id=5 mime=image/png bytes=1294100 original=/public/uploads/originals/products/sample-image-5_20260524141828_2438b988.png optimized=/public/uploads/optimized/products/sample-image-5_20260524141828_2438b988.webp queue_id=59
[2026-05-24 14:19:10] OK module=product entity_type=product entity_id=1 mime=image/png bytes=1294100 original=/public/uploads/originals/products/sample-image-1_20260524141909_bd49dd07.png optimized=/public/uploads/optimized/products/sample-image-1_20260524141909_bd49dd07.webp queue_id=60
[2026-05-24 14:19:10] OK module=product entity_type=product entity_id=2 mime=image/png bytes=1294100 original=/public/uploads/originals/products/sample-image-2_20260524141910_ba5500d8.png optimized=/public/uploads/optimized/products/sample-image-2_20260524141910_ba5500d8.webp queue_id=61
[2026-05-24 14:19:11] OK module=product entity_type=product entity_id=3 mime=image/png bytes=1294100 original=/public/uploads/originals/products/sample-image-3_20260524141911_4ab14cac.png optimized=/public/uploads/optimized/products/sample-image-3_20260524141911_4ab14cac.webp queue_id=62
[2026-05-24 14:19:11] OK module=product entity_type=product entity_id=4 mime=image/png bytes=1294100 original=/public/uploads/originals/products/sample-image-4_20260524141911_90506dbb.png optimized=/public/uploads/optimized/products/sample-image-4_20260524141911_90506dbb.webp queue_id=63
[2026-05-24 14:19:11] OK module=product entity_type=product entity_id=5 mime=image/png bytes=1294100 original=/public/uploads/originals/products/sample-image-5_20260524141911_975c87ca.png optimized=/public/uploads/optimized/products/sample-image-5_20260524141911_975c87ca.webp queue_id=64
[2026-05-24 14:42:56] OK module=product entity_type=product entity_id=244 mime=image/png bytes=1855219 original=/public/uploads/originals/products/whitelogo_20260524144255_d115831c.png optimized=/public/uploads/optimized/products/whitelogo_20260524144255_d115831c.webp queue_id=73
[2026-05-24 14:43:09] OK module=product entity_type=product entity_id=243 mime=image/png bytes=110470 original=/public/uploads/originals/products/mainlogo_20260524144309_6ea5ca7a.png optimized=/public/uploads/optimized/products/mainlogo_20260524144309_6ea5ca7a.webp queue_id=74
[2026-05-24 14:43:25] OK module=product entity_type=product entity_id=242 mime=image/png bytes=7426445 original=/public/uploads/originals/products/gemini_generated_image_be5o0ube5o0ube5o_20260524144325_a391600c.png optimized=/public/uploads/optimized/products/gemini_generated_image_be5o0ube5o0ube5o_20260524144325_a391600c.webp queue_id=75
[2026-05-24 14:43:26] OK module=product_image_2 entity_type=product entity_id=242 mime=image/png bytes=7762193 original=/public/uploads/originals/products/gemini_generated_image_wdjqogwdjqogwdjq_20260524144325_4fb360df.png optimized=/public/uploads/optimized/products/gemini_generated_image_wdjqogwdjqogwdjq_20260524144325_4fb360df.webp queue_id=76
[2026-05-24 14:43:43] OK module=product entity_type=product entity_id=241 mime=image/png bytes=110470 original=/public/uploads/originals/products/mainlogo_20260524144343_b5ee8520.png optimized=/public/uploads/optimized/products/mainlogo_20260524144343_b5ee8520.webp queue_id=77
[2026-05-24 14:43:56] OK module=product entity_type=product entity_id=131 mime=image/png bytes=110470 original=/public/uploads/originals/products/mainlogo_20260524144356_625c01fc.png optimized=/public/uploads/optimized/products/mainlogo_20260524144356_625c01fc.webp queue_id=78
[2026-05-24 14:44:05] OK module=product entity_type=product entity_id=243 mime=image/png bytes=7236370 original=/public/uploads/originals/products/gemini_generated_image_yqsv0byqsv0byqsv_20260524144405_e0419d05.png optimized=/public/uploads/optimized/products/gemini_generated_image_yqsv0byqsv0byqsv_20260524144405_e0419d05.webp queue_id=79
[2026-05-24 14:44:19] OK module=product entity_type=product entity_id=235 mime=image/png bytes=7236370 original=/public/uploads/originals/products/gemini_generated_image_yqsv0byqsv0byqsv_20260524144419_85aac6d3.png optimized=/public/uploads/optimized/products/gemini_generated_image_yqsv0byqsv0byqsv_20260524144419_85aac6d3.webp queue_id=80
[2026-05-24 14:44:40] OK module=product entity_type=product entity_id=128 mime=image/png bytes=7426445 original=/public/uploads/originals/products/gemini_generated_image_be5o0ube5o0ube5o_20260524144439_e24dceaa.png optimized=/public/uploads/optimized/products/gemini_generated_image_be5o0ube5o0ube5o_20260524144439_e24dceaa.webp queue_id=81
[2026-05-24 15:46:24] OK module=branding entity_type=settings entity_id=1 mime=image/jpeg bytes=1569607 original=/public/uploads/originals/branding/kaouther-djouada-hcedfkivmmi-unsplash_20260524154624_d7d95466.jpg optimized=/public/uploads/optimized/branding/kaouther-djouada-hcedfkivmmi-unsplash_20260524154624_d7d95466.webp queue_id=82
[2026-05-24 15:59:14] OK module=branding entity_type=settings entity_id=1 mime=image/png bytes=110470 original=/public/uploads/originals/branding/mainlogo_20260524155913_5d039ef2.png optimized=/public/uploads/optimized/branding/mainlogo_20260524155913_5d039ef2.webp queue_id=87
[2026-05-24 15:59:18] OK module=branding entity_type=settings entity_id=1 mime=image/png bytes=110470 original=/public/uploads/originals/branding/mainlogo_20260524155918_915b12c0.png optimized=/public/uploads/optimized/branding/mainlogo_20260524155918_915b12c0.webp queue_id=88
[2026-05-24 15:59:21] OK module=branding entity_type=settings entity_id=1 mime=image/png bytes=1855219 original=/public/uploads/originals/branding/whitelogo_20260524155921_5cb13385.png optimized=/public/uploads/optimized/branding/whitelogo_20260524155921_5cb13385.webp queue_id=89
[2026-05-24 15:59:25] FAIL error=File exceeds upload limit.
[2026-05-24 16:05:27] OK module=branding entity_type=settings entity_id=1 mime=image/jpeg bytes=1569607 original=/public/uploads/originals/branding/kaouther-djouada-hcedfkivmmi-unsplash_20260524160527_6ba06305.jpg optimized=/public/uploads/optimized/branding/kaouther-djouada-hcedfkivmmi-unsplash_20260524160527_6ba06305.webp queue_id=90
[2026-05-24 18:13:32] OK module=byoc entity_type=payment_proof entity_id=0 mime=image/png bytes=1294100 original=/public/uploads/originals/byoc/sample-image_20260524181332_4fdc6a47.png optimized=/public/uploads/optimized/byoc/sample-image_20260524181332_4fdc6a47.webp queue_id=94
[2026-05-24 18:15:57] OK module=byoc entity_type=payment_proof entity_id=0 mime=image/png bytes=1294100 original=/public/uploads/originals/byoc/sample-image_20260524181557_1fdd30d0.png optimized=/public/uploads/optimized/byoc/sample-image_20260524181557_1fdd30d0.webp queue_id=98
