[2026-05-26T19:37:34] START Serverbyt deployment run
[2026-05-26T19:37:35] Testing FTP connectivity
[2026-05-26T19:37:38] FTP connectivity OK
[2026-05-26T19:37:38] Testing writable runtime directories
[2026-05-26T19:37:40] WHATIF upload storage/deploy_probe_20260526_193734.txt
[2026-05-26T19:37:40] WRITABLE storage
[2026-05-26T19:37:43] WHATIF upload uploads/deploy_probe_20260526_193734.txt
[2026-05-26T19:37:43] WRITABLE uploads
[2026-05-26T19:37:47] WHATIF upload public/uploads/deploy_probe_20260526_193734.txt
[2026-05-26T19:37:47] WRITABLE public/uploads
[2026-05-26T19:37:51] Retry 1/3 failed for SIZE __generate_default_webp.php: Exception calling "GetResponse" with "0" argument(s): "The remote server returned an error: (550) File unavailable (e.g., file not found, no access)."
[2026-05-26T19:37:53] Retry 2/3 failed for SIZE __generate_default_webp.php: Exception calling "GetResponse" with "0" argument(s): "The remote server returned an error: (550) File unavailable (e.g., file not found, no access)."
[2026-05-26T19:37:55] Retry 3/3 failed for SIZE __generate_default_webp.php: Exception calling "GetResponse" with "0" argument(s): "The remote server returned an error: (550) File unavailable (e.g., file not found, no access)."
[2026-05-26T19:37:57] Retry 1/3 failed for SIZE __generate_invoice_layout_fixtures.php: Exception calling "GetResponse" with "0" argument(s): "The remote server returned an error: (550) File unavailable (e.g., file not found, no access)."
[2026-05-26T19:37:58] Retry 2/3 failed for SIZE __generate_invoice_layout_fixtures.php: Exception calling "GetResponse" with "0" argument(s): "The remote server returned an error: (550) File unavailable (e.g., file not found, no access)."
[2026-05-26T19:38:00] Retry 3/3 failed for SIZE __generate_invoice_layout_fixtures.php: Exception calling "GetResponse" with "0" argument(s): "The remote server returned an error: (550) File unavailable (e.g., file not found, no access)."
[2026-05-26T19:38:02] Retry 1/3 failed for SIZE __run_image_migration.php: Exception calling "GetResponse" with "0" argument(s): "The remote server returned an error: (550) File unavailable (e.g., file not found, no access)."
[2026-05-26T19:38:04] Retry 2/3 failed for SIZE __run_image_migration.php: Exception calling "GetResponse" with "0" argument(s): "The remote server returned an error: (550) File unavailable (e.g., file not found, no access)."
[2026-05-26T19:38:06] Retry 3/3 failed for SIZE __run_image_migration.php: Exception calling "GetResponse" with "0" argument(s): "The remote server returned an error: (550) File unavailable (e.g., file not found, no access)."
[2026-05-26T19:38:08] Retry 1/3 failed for SIZE .env.example: Exception calling "GetResponse" with "0" argument(s): "The remote server returned an error: (550) File unavailable (e.g., file not found, no access)."
[2026-05-26T19:38:10] Retry 2/3 failed for SIZE .env.example: Exception calling "GetResponse" with "0" argument(s): "The remote server returned an error: (550) File unavailable (e.g., file not found, no access)."
[2026-05-26T19:38:12] Retry 3/3 failed for SIZE .env.example: Exception calling "GetResponse" with "0" argument(s): "The remote server returned an error: (550) File unavailable (e.g., file not found, no access)."
[2026-05-26T19:38:13] Retry 1/3 failed for SIZE .htaccess: Exception calling "GetResponse" with "0" argument(s): "The remote server returned an error: (550) File unavailable (e.g., file not found, no access)."
[2026-05-26T19:38:15] Retry 2/3 failed for SIZE .htaccess: Exception calling "GetResponse" with "0" argument(s): "The remote server returned an error: (550) File unavailable (e.g., file not found, no access)."
[2026-05-26T19:38:17] Retry 3/3 failed for SIZE .htaccess: Exception calling "GetResponse" with "0" argument(s): "The remote server returned an error: (550) File unavailable (e.g., file not found, no access)."
[2026-05-26T19:38:19] Retry 1/3 failed for SIZE .user.ini: Exception calling "GetResponse" with "0" argument(s): "The remote server returned an error: (550) File unavailable (e.g., file not found, no access)."
[2026-05-26T19:38:21] Retry 2/3 failed for SIZE .user.ini: Exception calling "GetResponse" with "0" argument(s): "The remote server returned an error: (550) File unavailable (e.g., file not found, no access)."
[2026-05-26T19:38:23] Retry 3/3 failed for SIZE .user.ini: Exception calling "GetResponse" with "0" argument(s): "The remote server returned an error: (550) File unavailable (e.g., file not found, no access)."
[2026-05-26T19:38:25] Retry 1/3 failed for SIZE ACCOUNTING_VALIDATION_REPORT.md: Exception calling "GetResponse" with "0" argument(s): "The remote server returned an error: (550) File unavailable (e.g., file not found, no access)."
[2026-05-26T19:38:27] Retry 2/3 failed for SIZE ACCOUNTING_VALIDATION_REPORT.md: Exception calling "GetResponse" with "0" argument(s): "The remote server returned an error: (550) File unavailable (e.g., file not found, no access)."
[2026-05-26T19:38:29] Retry 3/3 failed for SIZE ACCOUNTING_VALIDATION_REPORT.md: Exception calling "GetResponse" with "0" argument(s): "The remote server returned an error: (550) File unavailable (e.g., file not found, no access)."
[2026-05-26T19:38:31] Retry 1/3 failed for SIZE ADMIN_MODULE_PASS_FAIL.md: Exception calling "GetResponse" with "0" argument(s): "The remote server returned an error: (550) File unavailable (e.g., file not found, no access)."
[2026-05-26T19:38:33] Retry 2/3 failed for SIZE ADMIN_MODULE_PASS_FAIL.md: Exception calling "GetResponse" with "0" argument(s): "The remote server returned an error: (550) File unavailable (e.g., file not found, no access)."
[2026-05-26T19:38:35] Retry 3/3 failed for SIZE ADMIN_MODULE_PASS_FAIL.md: Exception calling "GetResponse" with "0" argument(s): "The remote server returned an error: (550) File unavailable (e.g., file not found, no access)."
[2026-05-26T19:38:36] Retry 1/3 failed for SIZE AJAX_PERFORMANCE_PLAN.md: Exception calling "GetResponse" with "0" argument(s): "The remote server returned an error: (550) File unavailable (e.g., file not found, no access)."
[2026-05-26T19:38:38] Retry 2/3 failed for SIZE AJAX_PERFORMANCE_PLAN.md: Exception calling "GetResponse" with "0" argument(s): "The remote server returned an error: (550) File unavailable (e.g., file not found, no access)."
[2026-05-26T19:38:40] Retry 3/3 failed for SIZE AJAX_PERFORMANCE_PLAN.md: Exception calling "GetResponse" with "0" argument(s): "The remote server returned an error: (550) File unavailable (e.g., file not found, no access)."
[2026-05-26T19:38:42] Retry 1/3 failed for SIZE BUG_REPORT.md: Exception calling "GetResponse" with "0" argument(s): "The remote server returned an error: (550) File unavailable (e.g., file not found, no access)."
[2026-05-26T19:38:44] Retry 2/3 failed for SIZE BUG_REPORT.md: Exception calling "GetResponse" with "0" argument(s): "The remote server returned an error: (550) File unavailable (e.g., file not found, no access)."
[2026-05-26T19:38:46] Retry 3/3 failed for SIZE BUG_REPORT.md: Exception calling "GetResponse" with "0" argument(s): "The remote server returned an error: (550) File unavailable (e.g., file not found, no access)."
[2026-05-26T19:38:48] Retry 1/3 failed for SIZE BUSINESS_SETTINGS_LINKAGE_REPORT.md: Exception calling "GetResponse" with "0" argument(s): "The remote server returned an error: (550) File unavailable (e.g., file not found, no access)."
[2026-05-26T19:38:50] Retry 2/3 failed for SIZE BUSINESS_SETTINGS_LINKAGE_REPORT.md: Exception calling "GetResponse" with "0" argument(s): "The remote server returned an error: (550) File unavailable (e.g., file not found, no access)."
[2026-05-26T19:38:52] Retry 3/3 failed for SIZE BUSINESS_SETTINGS_LINKAGE_REPORT.md: Exception calling "GetResponse" with "0" argument(s): "The remote server returned an error: (550) File unavailable (e.g., file not found, no access)."
[2026-05-26T19:38:54] Retry 1/3 failed for SIZE composer.json: Exception calling "GetResponse" with "0" argument(s): "The remote server returned an error: (550) File unavailable (e.g., file not found, no access)."
[2026-05-26T19:38:55] Retry 2/3 failed for SIZE composer.json: Exception calling "GetResponse" with "0" argument(s): "The remote server returned an error: (550) File unavailable (e.g., file not found, no access)."
[2026-05-26T19:38:58] Retry 3/3 failed for SIZE composer.json: Exception calling "GetResponse" with "0" argument(s): "The remote server returned an error: (550) File unavailable (e.g., file not found, no access)."
[2026-05-26T19:38:59] Retry 1/3 failed for SIZE composer.lock: Exception calling "GetResponse" with "0" argument(s): "The remote server returned an error: (550) File unavailable (e.g., file not found, no access)."
[2026-05-26T19:39:01] Retry 2/3 failed for SIZE composer.lock: Exception calling "GetResponse" with "0" argument(s): "The remote server returned an error: (550) File unavailable (e.g., file not found, no access)."
[2026-05-26T19:39:03] Retry 3/3 failed for SIZE composer.lock: Exception calling "GetResponse" with "0" argument(s): "The remote server returned an error: (550) File unavailable (e.g., file not found, no access)."
[2026-05-26T19:39:05] Retry 1/3 failed for SIZE config.php: Exception calling "GetResponse" with "0" argument(s): "The remote server returned an error: (550) File unavailable (e.g., file not found, no access)."
[2026-05-26T19:39:07] Retry 2/3 failed for SIZE config.php: Exception calling "GetResponse" with "0" argument(s): "The remote server returned an error: (550) File unavailable (e.g., file not found, no access)."
[2026-05-26T19:39:09] Retry 3/3 failed for SIZE config.php: Exception calling "GetResponse" with "0" argument(s): "The remote server returned an error: (550) File unavailable (e.g., file not found, no access)."
[2026-05-26T19:39:11] Retry 1/3 failed for SIZE CRM_PASS_FAIL_REPORT.md: Exception calling "GetResponse" with "0" argument(s): "The remote server returned an error: (550) File unavailable (e.g., file not found, no access)."
[2026-05-26T19:39:13] Retry 2/3 failed for SIZE CRM_PASS_FAIL_REPORT.md: Exception calling "GetResponse" with "0" argument(s): "The remote server returned an error: (550) File unavailable (e.g., file not found, no access)."
[2026-05-26T19:39:15] Retry 3/3 failed for SIZE CRM_PASS_FAIL_REPORT.md: Exception calling "GetResponse" with "0" argument(s): "The remote server returned an error: (550) File unavailable (e.g., file not found, no access)."
[2026-05-26T19:39:16] Retry 1/3 failed for SIZE CRM_UI_REDESIGN.md: Exception calling "GetResponse" with "0" argument(s): "The remote server returned an error: (550) File unavailable (e.g., file not found, no access)."
[2026-05-26T19:39:18] Retry 2/3 failed for SIZE CRM_UI_REDESIGN.md: Exception calling "GetResponse" with "0" argument(s): "The remote server returned an error: (550) File unavailable (e.g., file not found, no access)."
[2026-05-26T19:39:20] Retry 3/3 failed for SIZE CRM_UI_REDESIGN.md: Exception calling "GetResponse" with "0" argument(s): "The remote server returned an error: (550) File unavailable (e.g., file not found, no access)."
[2026-05-26T19:39:22] Retry 1/3 failed for SIZE crm_webhook_mock.php: Exception calling "GetResponse" with "0" argument(s): "The remote server returned an error: (550) File unavailable (e.g., file not found, no access)."
[2026-05-26T19:39:24] Retry 2/3 failed for SIZE crm_webhook_mock.php: Exception calling "GetResponse" with "0" argument(s): "The remote server returned an error: (550) File unavailable (e.g., file not found, no access)."
[2026-05-26T19:39:26] Retry 3/3 failed for SIZE crm_webhook_mock.php: Exception calling "GetResponse" with "0" argument(s): "The remote server returned an error: (550) File unavailable (e.g., file not found, no access)."
[2026-05-26T19:39:28] Retry 1/3 failed for SIZE CUSTOMER_HISTORY_FLOW.md: Exception calling "GetResponse" with "0" argument(s): "The remote server returned an error: (550) File unavailable (e.g., file not found, no access)."
[2026-05-26T19:39:30] Retry 2/3 failed for SIZE CUSTOMER_HISTORY_FLOW.md: Exception calling "GetResponse" with "0" argument(s): "The remote server returned an error: (550) File unavailable (e.g., file not found, no access)."
[2026-05-26T19:39:32] Retry 3/3 failed for SIZE CUSTOMER_HISTORY_FLOW.md: Exception calling "GetResponse" with "0" argument(s): "The remote server returned an error: (550) File unavailable (e.g., file not found, no access)."
[2026-05-26T19:39:34] Retry 1/3 failed for SIZE db-runtime-diagnostic.php: Exception calling "GetResponse" with "0" argument(s): "The remote server returned an error: (550) File unavailable (e.g., file not found, no access)."
[2026-05-26T19:39:36] Retry 2/3 failed for SIZE db-runtime-diagnostic.php: Exception calling "GetResponse" with "0" argument(s): "The remote server returned an error: (550) File unavailable (e.g., file not found, no access)."
[2026-05-26T19:39:37] Retry 3/3 failed for SIZE db-runtime-diagnostic.php: Exception calling "GetResponse" with "0" argument(s): "The remote server returned an error: (550) File unavailable (e.g., file not found, no access)."
[2026-05-26T19:39:39] Retry 1/3 failed for SIZE debug.txt: Exception calling "GetResponse" with "0" argument(s): "The remote server returned an error: (550) File unavailable (e.g., file not found, no access)."
[2026-05-26T19:39:41] Retry 2/3 failed for SIZE debug.txt: Exception calling "GetResponse" with "0" argument(s): "The remote server returned an error: (550) File unavailable (e.g., file not found, no access)."
[2026-05-26T19:39:43] Retry 3/3 failed for SIZE debug.txt: Exception calling "GetResponse" with "0" argument(s): "The remote server returned an error: (550) File unavailable (e.g., file not found, no access)."
[2026-05-26T19:39:45] Retry 1/3 failed for SIZE deploy-serverbyt.ps1: Exception calling "GetResponse" with "0" argument(s): "The remote server returned an error: (550) File unavailable (e.g., file not found, no access)."
[2026-05-26T19:39:47] Retry 2/3 failed for SIZE deploy-serverbyt.ps1: Exception calling "GetResponse" with "0" argument(s): "The remote server returned an error: (550) File unavailable (e.g., file not found, no access)."
[2026-05-26T19:39:49] Retry 3/3 failed for SIZE deploy-serverbyt.ps1: Exception calling "GetResponse" with "0" argument(s): "The remote server returned an error: (550) File unavailable (e.g., file not found, no access)."
[2026-05-26T19:39:51] Retry 1/3 failed for SIZE DEPLOYMENT_CHECKLIST.md: Exception calling "GetResponse" with "0" argument(s): "The remote server returned an error: (550) File unavailable (e.g., file not found, no access)."
[2026-05-26T19:39:53] Retry 2/3 failed for SIZE DEPLOYMENT_CHECKLIST.md: Exception calling "GetResponse" with "0" argument(s): "The remote server returned an error: (550) File unavailable (e.g., file not found, no access)."
[2026-05-26T19:39:55] Retry 3/3 failed for SIZE DEPLOYMENT_CHECKLIST.md: Exception calling "GetResponse" with "0" argument(s): "The remote server returned an error: (550) File unavailable (e.g., file not found, no access)."
[2026-05-26T19:39:57] Retry 1/3 failed for SIZE FINAL_ACCOUNTING_VALIDATION.md: Exception calling "GetResponse" with "0" argument(s): "The remote server returned an error: (550) File unavailable (e.g., file not found, no access)."
[2026-05-26T19:39:59] Retry 2/3 failed for SIZE FINAL_ACCOUNTING_VALIDATION.md: Exception calling "GetResponse" with "0" argument(s): "The remote server returned an error: (550) File unavailable (e.g., file not found, no access)."
[2026-05-26T19:40:00] Retry 3/3 failed for SIZE FINAL_ACCOUNTING_VALIDATION.md: Exception calling "GetResponse" with "0" argument(s): "The remote server returned an error: (550) File unavailable (e.g., file not found, no access)."
[2026-05-26T19:40:02] Retry 1/3 failed for SIZE FINAL_COMMUNICATIONS_PASS_FAIL.md: Exception calling "GetResponse" with "0" argument(s): "The remote server returned an error: (550) File unavailable (e.g., file not found, no access)."
[2026-05-26T19:40:04] Retry 2/3 failed for SIZE FINAL_COMMUNICATIONS_PASS_FAIL.md: Exception calling "GetResponse" with "0" argument(s): "The remote server returned an error: (550) File unavailable (e.g., file not found, no access)."
[2026-05-26T19:40:06] Retry 3/3 failed for SIZE FINAL_COMMUNICATIONS_PASS_FAIL.md: Exception calling "GetResponse" with "0" argument(s): "The remote server returned an error: (550) File unavailable (e.g., file not found, no access)."
[2026-05-26T19:40:08] Retry 1/3 failed for SIZE FINAL_PASS_FAIL_SUMMARY.md: Exception calling "GetResponse" with "0" argument(s): "The remote server returned an error: (550) File unavailable (e.g., file not found, no access)."
[2026-05-26T19:40:10] Retry 2/3 failed for SIZE FINAL_PASS_FAIL_SUMMARY.md: Exception calling "GetResponse" with "0" argument(s): "The remote server returned an error: (550) File unavailable (e.g., file not found, no access)."
[2026-05-26T19:40:12] Retry 3/3 failed for SIZE FINAL_PASS_FAIL_SUMMARY.md: Exception calling "GetResponse" with "0" argument(s): "The remote server returned an error: (550) File unavailable (e.g., file not found, no access)."
[2026-05-26T19:40:14] Retry 1/3 failed for SIZE FINAL_PRODUCTION_STABILITY_REPORT.md: Exception calling "GetResponse" with "0" argument(s): "The remote server returned an error: (550) File unavailable (e.g., file not found, no access)."
[2026-05-26T19:40:16] Retry 2/3 failed for SIZE FINAL_PRODUCTION_STABILITY_REPORT.md: Exception calling "GetResponse" with "0" argument(s): "The remote server returned an error: (550) File unavailable (e.g., file not found, no access)."
[2026-05-26T19:40:17] Retry 3/3 failed for SIZE FINAL_PRODUCTION_STABILITY_REPORT.md: Exception calling "GetResponse" with "0" argument(s): "The remote server returned an error: (550) File unavailable (e.g., file not found, no access)."
[2026-05-26T19:40:19] Retry 1/3 failed for SIZE FINAL_QA_SUMMARY.md: Exception calling "GetResponse" with "0" argument(s): "The remote server returned an error: (550) File unavailable (e.g., file not found, no access)."
[2026-05-26T19:40:21] Retry 2/3 failed for SIZE FINAL_QA_SUMMARY.md: Exception calling "GetResponse" with "0" argument(s): "The remote server returned an error: (550) File unavailable (e.g., file not found, no access)."
[2026-05-26T19:40:23] Retry 3/3 failed for SIZE FINAL_QA_SUMMARY.md: Exception calling "GetResponse" with "0" argument(s): "The remote server returned an error: (550) File unavailable (e.g., file not found, no access)."
[2026-05-26T19:40:25] Retry 1/3 failed for SIZE FIX_LOG.md: Exception calling "GetResponse" with "0" argument(s): "The remote server returned an error: (550) File unavailable (e.g., file not found, no access)."
[2026-05-26T19:40:27] Retry 2/3 failed for SIZE FIX_LOG.md: Exception calling "GetResponse" with "0" argument(s): "The remote server returned an error: (550) File unavailable (e.g., file not found, no access)."
[2026-05-26T19:40:29] Retry 3/3 failed for SIZE FIX_LOG.md: Exception calling "GetResponse" with "0" argument(s): "The remote server returned an error: (550) File unavailable (e.g., file not found, no access)."
[2026-05-26T19:40:30] Retry 1/3 failed for SIZE FRONTEND_PASS_FAIL.md: Exception calling "GetResponse" with "0" argument(s): "The remote server returned an error: (550) File unavailable (e.g., file not found, no access)."
[2026-05-26T19:40:32] Retry 2/3 failed for SIZE FRONTEND_PASS_FAIL.md: Exception calling "GetResponse" with "0" argument(s): "The remote server returned an error: (550) File unavailable (e.g., file not found, no access)."
[2026-05-26T19:40:34] Retry 3/3 failed for SIZE FRONTEND_PASS_FAIL.md: Exception calling "GetResponse" with "0" argument(s): "The remote server returned an error: (550) File unavailable (e.g., file not found, no access)."
[2026-05-26T19:40:36] Retry 1/3 failed for SIZE index.php: Exception calling "GetResponse" with "0" argument(s): "The remote server returned an error: (550) File unavailable (e.g., file not found, no access)."
[2026-05-26T19:40:38] Retry 2/3 failed for SIZE index.php: Exception calling "GetResponse" with "0" argument(s): "The remote server returned an error: (550) File unavailable (e.g., file not found, no access)."
[2026-05-26T19:40:40] Retry 3/3 failed for SIZE index.php: Exception calling "GetResponse" with "0" argument(s): "The remote server returned an error: (550) File unavailable (e.g., file not found, no access)."
[2026-05-26T19:40:42] Retry 1/3 failed for SIZE LIVE_DIFF_REPORT.md: Exception calling "GetResponse" with "0" argument(s): "The remote server returned an error: (550) File unavailable (e.g., file not found, no access)."
[2026-05-26T19:40:44] Retry 2/3 failed for SIZE LIVE_DIFF_REPORT.md: Exception calling "GetResponse" with "0" argument(s): "The remote server returned an error: (550) File unavailable (e.g., file not found, no access)."
[2026-05-26T19:40:45] Retry 3/3 failed for SIZE LIVE_DIFF_REPORT.md: Exception calling "GetResponse" with "0" argument(s): "The remote server returned an error: (550) File unavailable (e.g., file not found, no access)."
[2026-05-26T19:40:47] Retry 1/3 failed for SIZE LIVE_ENVIRONMENT_AUDIT.md: Exception calling "GetResponse" with "0" argument(s): "The remote server returned an error: (550) File unavailable (e.g., file not found, no access)."
[2026-05-26T19:40:49] Retry 2/3 failed for SIZE LIVE_ENVIRONMENT_AUDIT.md: Exception calling "GetResponse" with "0" argument(s): "The remote server returned an error: (550) File unavailable (e.g., file not found, no access)."
[2026-05-26T19:40:51] Retry 3/3 failed for SIZE LIVE_ENVIRONMENT_AUDIT.md: Exception calling "GetResponse" with "0" argument(s): "The remote server returned an error: (550) File unavailable (e.g., file not found, no access)."
[2026-05-26T19:40:53] Retry 1/3 failed for SIZE LIVE_RUNTIME_AUDIT.md: Exception calling "GetResponse" with "0" argument(s): "The remote server returned an error: (550) File unavailable (e.g., file not found, no access)."
[2026-05-26T19:40:55] Retry 2/3 failed for SIZE LIVE_RUNTIME_AUDIT.md: Exception calling "GetResponse" with "0" argument(s): "The remote server returned an error: (550) File unavailable (e.g., file not found, no access)."
[2026-05-26T19:40:57] Retry 3/3 failed for SIZE LIVE_RUNTIME_AUDIT.md: Exception calling "GetResponse" with "0" argument(s): "The remote server returned an error: (550) File unavailable (e.g., file not found, no access)."
[2026-05-26T19:40:59] Retry 1/3 failed for SIZE LOCAL_SERVER_AUDIT.md: Exception calling "GetResponse" with "0" argument(s): "The remote server returned an error: (550) File unavailable (e.g., file not found, no access)."
[2026-05-26T19:41:00] Retry 2/3 failed for SIZE LOCAL_SERVER_AUDIT.md: Exception calling "GetResponse" with "0" argument(s): "The remote server returned an error: (550) File unavailable (e.g., file not found, no access)."
[2026-05-26T19:41:02] Retry 3/3 failed for SIZE LOCAL_SERVER_AUDIT.md: Exception calling "GetResponse" with "0" argument(s): "The remote server returned an error: (550) File unavailable (e.g., file not found, no access)."
[2026-05-26T19:41:04] Retry 1/3 failed for SIZE media.php: Exception calling "GetResponse" with "0" argument(s): "The remote server returned an error: (550) File unavailable (e.g., file not found, no access)."
[2026-05-26T19:41:06] Retry 2/3 failed for SIZE media.php: Exception calling "GetResponse" with "0" argument(s): "The remote server returned an error: (550) File unavailable (e.g., file not found, no access)."
[2026-05-26T19:41:08] Retry 3/3 failed for SIZE media.php: Exception calling "GetResponse" with "0" argument(s): "The remote server returned an error: (550) File unavailable (e.g., file not found, no access)."
[2026-05-26T19:41:10] Retry 1/3 failed for SIZE ORDER_FLOW_QA_REPORT.md: Exception calling "GetResponse" with "0" argument(s): "The remote server returned an error: (550) File unavailable (e.g., file not found, no access)."
[2026-05-26T19:41:12] Retry 2/3 failed for SIZE ORDER_FLOW_QA_REPORT.md: Exception calling "GetResponse" with "0" argument(s): "The remote server returned an error: (550) File unavailable (e.g., file not found, no access)."
[2026-05-26T19:41:14] Retry 3/3 failed for SIZE ORDER_FLOW_QA_REPORT.md: Exception calling "GetResponse" with "0" argument(s): "The remote server returned an error: (550) File unavailable (e.g., file not found, no access)."
[2026-05-26T19:41:15] Retry 1/3 failed for SIZE order.php: Exception calling "GetResponse" with "0" argument(s): "The remote server returned an error: (550) File unavailable (e.g., file not found, no access)."
[2026-05-26T19:41:17] Retry 2/3 failed for SIZE order.php: Exception calling "GetResponse" with "0" argument(s): "The remote server returned an error: (550) File unavailable (e.g., file not found, no access)."
[2026-05-26T19:41:19] Retry 3/3 failed for SIZE order.php: Exception calling "GetResponse" with "0" argument(s): "The remote server returned an error: (550) File unavailable (e.g., file not found, no access)."
[2026-05-26T19:41:21] Retry 1/3 failed for SIZE pdo-runtime-diagnostic.php: Exception calling "GetResponse" with "0" argument(s): "The remote server returned an error: (550) File unavailable (e.g., file not found, no access)."
[2026-05-26T19:41:23] Retry 2/3 failed for SIZE pdo-runtime-diagnostic.php: Exception calling "GetResponse" with "0" argument(s): "The remote server returned an error: (550) File unavailable (e.g., file not found, no access)."
[2026-05-26T19:41:25] Retry 3/3 failed for SIZE pdo-runtime-diagnostic.php: Exception calling "GetResponse" with "0" argument(s): "The remote server returned an error: (550) File unavailable (e.g., file not found, no access)."
[2026-05-26T19:41:27] Retry 1/3 failed for SIZE PROD_SERVER_MATCH_REPORT.md: Exception calling "GetResponse" with "0" argument(s): "The remote server returned an error: (550) File unavailable (e.g., file not found, no access)."
[2026-05-26T19:41:29] Retry 2/3 failed for SIZE PROD_SERVER_MATCH_REPORT.md: Exception calling "GetResponse" with "0" argument(s): "The remote server returned an error: (550) File unavailable (e.g., file not found, no access)."
[2026-05-26T19:41:31] Retry 3/3 failed for SIZE PROD_SERVER_MATCH_REPORT.md: Exception calling "GetResponse" with "0" argument(s): "The remote server returned an error: (550) File unavailable (e.g., file not found, no access)."
[2026-05-26T19:41:33] Retry 1/3 failed for SIZE QA_TEST_REPORT.md: Exception calling "GetResponse" with "0" argument(s): "The remote server returned an error: (550) File unavailable (e.g., file not found, no access)."
[2026-05-26T19:41:34] Retry 2/3 failed for SIZE QA_TEST_REPORT.md: Exception calling "GetResponse" with "0" argument(s): "The remote server returned an error: (550) File unavailable (e.g., file not found, no access)."
[2026-05-26T19:41:36] Retry 3/3 failed for SIZE QA_TEST_REPORT.md: Exception calling "GetResponse" with "0" argument(s): "The remote server returned an error: (550) File unavailable (e.g., file not found, no access)."
[2026-05-26T19:41:38] Retry 1/3 failed for SIZE RELEASE_READY.md: Exception calling "GetResponse" with "0" argument(s): "The remote server returned an error: (550) File unavailable (e.g., file not found, no access)."
[2026-05-26T19:41:40] Retry 2/3 failed for SIZE RELEASE_READY.md: Exception calling "GetResponse" with "0" argument(s): "The remote server returned an error: (550) File unavailable (e.g., file not found, no access)."
[2026-05-26T19:41:42] Retry 3/3 failed for SIZE RELEASE_READY.md: Exception calling "GetResponse" with "0" argument(s): "The remote server returned an error: (550) File unavailable (e.g., file not found, no access)."
[2026-05-26T19:41:44] Retry 1/3 failed for SIZE VARIABLE_LINKAGE_AUDIT.md: Exception calling "GetResponse" with "0" argument(s): "The remote server returned an error: (550) File unavailable (e.g., file not found, no access)."
[2026-05-26T19:41:46] Retry 2/3 failed for SIZE VARIABLE_LINKAGE_AUDIT.md: Exception calling "GetResponse" with "0" argument(s): "The remote server returned an error: (550) File unavailable (e.g., file not found, no access)."
[2026-05-26T19:41:48] Retry 3/3 failed for SIZE VARIABLE_LINKAGE_AUDIT.md: Exception calling "GetResponse" with "0" argument(s): "The remote server returned an error: (550) File unavailable (e.g., file not found, no access)."
[2026-05-26T19:41:50] Retry 1/3 failed for SIZE VERIFIED_VARIABLE_REGISTRY.md: Exception calling "GetResponse" with "0" argument(s): "The remote server returned an error: (550) File unavailable (e.g., file not found, no access)."
[2026-05-26T19:41:52] Retry 2/3 failed for SIZE VERIFIED_VARIABLE_REGISTRY.md: Exception calling "GetResponse" with "0" argument(s): "The remote server returned an error: (550) File unavailable (e.g., file not found, no access)."
[2026-05-26T19:41:54] Retry 3/3 failed for SIZE VERIFIED_VARIABLE_REGISTRY.md: Exception calling "GetResponse" with "0" argument(s): "The remote server returned an error: (550) File unavailable (e.g., file not found, no access)."
[2026-05-26T19:41:56] Retry 1/3 failed for SIZE .docker/apache/000-default.conf: Exception calling "GetResponse" with "0" argument(s): "The remote server returned an error: (550) File unavailable (e.g., file not found, no access)."
[2026-05-26T19:41:57] Retry 2/3 failed for SIZE .docker/apache/000-default.conf: Exception calling "GetResponse" with "0" argument(s): "The remote server returned an error: (550) File unavailable (e.g., file not found, no access)."
[2026-05-26T19:41:59] Retry 3/3 failed for SIZE .docker/apache/000-default.conf: Exception calling "GetResponse" with "0" argument(s): "The remote server returned an error: (550) File unavailable (e.g., file not found, no access)."
[2026-05-26T19:42:01] Retry 1/3 failed for SIZE .docker/php/php-production.ini: Exception calling "GetResponse" with "0" argument(s): "The remote server returned an error: (550) File unavailable (e.g., file not found, no access)."
[2026-05-26T19:42:03] Retry 2/3 failed for SIZE .docker/php/php-production.ini: Exception calling "GetResponse" with "0" argument(s): "The remote server returned an error: (550) File unavailable (e.g., file not found, no access)."
[2026-05-26T19:42:05] Retry 3/3 failed for SIZE .docker/php/php-production.ini: Exception calling "GetResponse" with "0" argument(s): "The remote server returned an error: (550) File unavailable (e.g., file not found, no access)."
[2026-05-26T19:42:07] Retry 1/3 failed for SIZE account/dashboard.php: Exception calling "GetResponse" with "0" argument(s): "The remote server returned an error: (550) File unavailable (e.g., file not found, no access)."
[2026-05-26T19:42:09] Retry 2/3 failed for SIZE account/dashboard.php: Exception calling "GetResponse" with "0" argument(s): "The remote server returned an error: (550) File unavailable (e.g., file not found, no access)."
[2026-05-26T19:42:11] Retry 3/3 failed for SIZE account/dashboard.php: Exception calling "GetResponse" with "0" argument(s): "The remote server returned an error: (550) File unavailable (e.g., file not found, no access)."
[2026-05-26T19:42:13] Retry 1/3 failed for SIZE account/index.php: Exception calling "GetResponse" with "0" argument(s): "The remote server returned an error: (550) File unavailable (e.g., file not found, no access)."
[2026-05-26T19:42:14] Retry 2/3 failed for SIZE account/index.php: Exception calling "GetResponse" with "0" argument(s): "The remote server returned an error: (550) File unavailable (e.g., file not found, no access)."
[2026-05-26T19:42:16] Retry 3/3 failed for SIZE account/index.php: Exception calling "GetResponse" with "0" argument(s): "The remote server returned an error: (550) File unavailable (e.g., file not found, no access)."
[2026-05-26T19:42:18] Retry 1/3 failed for SIZE account/login.php: Exception calling "GetResponse" with "0" argument(s): "The remote server returned an error: (550) File unavailable (e.g., file not found, no access)."
[2026-05-26T19:42:20] Retry 2/3 failed for SIZE account/login.php: Exception calling "GetResponse" with "0" argument(s): "The remote server returned an error: (550) File unavailable (e.g., file not found, no access)."
[2026-05-26T19:42:22] Retry 3/3 failed for SIZE account/login.php: Exception calling "GetResponse" with "0" argument(s): "The remote server returned an error: (550) File unavailable (e.g., file not found, no access)."
[2026-05-26T19:42:24] Retry 1/3 failed for SIZE account/logout.php: Exception calling "GetResponse" with "0" argument(s): "The remote server returned an error: (550) File unavailable (e.g., file not found, no access)."
[2026-05-26T19:42:26] Retry 2/3 failed for SIZE account/logout.php: Exception calling "GetResponse" with "0" argument(s): "The remote server returned an error: (550) File unavailable (e.g., file not found, no access)."
[2026-05-26T19:42:27] Retry 3/3 failed for SIZE account/logout.php: Exception calling "GetResponse" with "0" argument(s): "The remote server returned an error: (550) File unavailable (e.g., file not found, no access)."
[2026-05-26T19:42:29] Retry 1/3 failed for SIZE admin/about-video.php: Exception calling "GetResponse" with "0" argument(s): "The remote server returned an error: (550) File unavailable (e.g., file not found, no access)."
[2026-05-26T19:42:31] Retry 2/3 failed for SIZE admin/about-video.php: Exception calling "GetResponse" with "0" argument(s): "The remote server returned an error: (550) File unavailable (e.g., file not found, no access)."
[2026-05-26T19:42:33] Retry 3/3 failed for SIZE admin/about-video.php: Exception calling "GetResponse" with "0" argument(s): "The remote server returned an error: (550) File unavailable (e.g., file not found, no access)."
[2026-05-26T19:42:35] Retry 1/3 failed for SIZE admin/accounting.php: Exception calling "GetResponse" with "0" argument(s): "The remote server returned an error: (550) File unavailable (e.g., file not found, no access)."
[2026-05-26T19:42:37] Retry 2/3 failed for SIZE admin/accounting.php: Exception calling "GetResponse" with "0" argument(s): "The remote server returned an error: (550) File unavailable (e.g., file not found, no access)."
[2026-05-26T19:42:39] Retry 3/3 failed for SIZE admin/accounting.php: Exception calling "GetResponse" with "0" argument(s): "The remote server returned an error: (550) File unavailable (e.g., file not found, no access)."
[2026-05-26T19:42:41] Retry 1/3 failed for SIZE admin/add-category.php: Exception calling "GetResponse" with "0" argument(s): "The remote server returned an error: (550) File unavailable (e.g., file not found, no access)."
[2026-05-26T19:42:43] Retry 2/3 failed for SIZE admin/add-category.php: Exception calling "GetResponse" with "0" argument(s): "The remote server returned an error: (550) File unavailable (e.g., file not found, no access)."
[2026-05-26T19:42:45] Retry 3/3 failed for SIZE admin/add-category.php: Exception calling "GetResponse" with "0" argument(s): "The remote server returned an error: (550) File unavailable (e.g., file not found, no access)."
[2026-05-26T19:42:46] Retry 1/3 failed for SIZE admin/add-product.php: Exception calling "GetResponse" with "0" argument(s): "The remote server returned an error: (550) File unavailable (e.g., file not found, no access)."
[2026-05-26T19:42:48] Retry 2/3 failed for SIZE admin/add-product.php: Exception calling "GetResponse" with "0" argument(s): "The remote server returned an error: (550) File unavailable (e.g., file not found, no access)."
[2026-05-26T19:42:50] Retry 3/3 failed for SIZE admin/add-product.php: Exception calling "GetResponse" with "0" argument(s): "The remote server returned an error: (550) File unavailable (e.g., file not found, no access)."
