[15-May-2026 12:16:46 Asia/Kolkata] [2026-05-15T12:16:46+05:30] Database connection failed. in D:\GITHUB Projects\Cakeouflage E-commerce\cakeouflage-ecommerce\app\Core\Database.php:68\n#0 Standard input code(8): App\Core\Database::getConnection()
#1 {main}
[16-May-2026 10:20:27 Asia/Kolkata] [update_order_status] Request: id=159, status=confirmed, method=upi_manual, redirect=
[16-May-2026 10:20:27 Asia/Kolkata] [update_order_status] Test query OK - order exists: YES
[16-May-2026 10:20:27 Asia/Kolkata] [update_order_status] Permissions passed
[16-May-2026 10:20:27 Asia/Kolkata] [update_order_status] AdminId: 1
[16-May-2026 10:20:27 Asia/Kolkata] [update_order_status] Status update result: rows=1, status=confirmed
[16-May-2026 10:20:27 Asia/Kolkata] PHP Warning:  Undefined variable $flashParam in /var/www/html/admin/update_order_status.php on line 107
[16-May-2026 10:20:27 Asia/Kolkata] PHP Warning:  Cannot modify header information - headers already sent by (output started at /var/www/html/admin/update_order_status.php:107) in /var/www/html/admin/update_order_status.php on line 206
[16-May-2026 10:21:04 Asia/Kolkata] [update_order_status] Request: id=159, status=confirmed, method=upi_manual, redirect=
[16-May-2026 10:21:04 Asia/Kolkata] [update_order_status] Test query OK - order exists: YES
[16-May-2026 10:21:04 Asia/Kolkata] [update_order_status] Permissions passed
[16-May-2026 10:21:04 Asia/Kolkata] [update_order_status] AdminId: 1
[16-May-2026 10:21:04 Asia/Kolkata] [update_order_status] Status update result: rows=0, status=confirmed
[16-May-2026 10:21:04 Asia/Kolkata] PHP Warning:  Undefined variable $flashParam in /var/www/html/admin/update_order_status.php on line 107
[16-May-2026 10:21:04 Asia/Kolkata] PHP Warning:  Cannot modify header information - headers already sent by (output started at /var/www/html/admin/update_order_status.php:107) in /var/www/html/admin/update_order_status.php on line 206
[16-May-2026 10:21:17 Asia/Kolkata] [update_order_status] Request: id=1, status=confirmed, method=upi_manual, redirect=
[16-May-2026 10:21:17 Asia/Kolkata] [update_order_status] Test query OK - order exists: NO
[16-May-2026 10:21:17 Asia/Kolkata] [update_order_status] Order not found: id=1
[16-May-2026 10:21:32 Asia/Kolkata] [update_order_status] Request: id=17, status=confirmed, method=upi_manual, redirect=
[16-May-2026 10:21:32 Asia/Kolkata] [update_order_status] Test query OK - order exists: YES
[16-May-2026 10:21:32 Asia/Kolkata] [update_order_status] Permissions passed
[16-May-2026 10:21:32 Asia/Kolkata] [update_order_status] AdminId: 1
[16-May-2026 10:21:32 Asia/Kolkata] [update_order_status] Status update result: rows=1, status=confirmed
[16-May-2026 10:21:32 Asia/Kolkata] PHP Warning:  Undefined variable $flashParam in /var/www/html/admin/update_order_status.php on line 107
[16-May-2026 10:21:32 Asia/Kolkata] PHP Warning:  Cannot modify header information - headers already sent by (output started at /var/www/html/admin/update_order_status.php:107) in /var/www/html/admin/update_order_status.php on line 206
[16-May-2026 13:37:31 Asia/Kolkata] [update_order_status][automation] SQLSTATE[42S02]: Base table or view not found: 1146 Table 'cakeouflage_dev.crm_settings' doesn't exist
[16-May-2026 13:39:27 Asia/Kolkata] [update_order_status][automation] SQLSTATE[42S02]: Base table or view not found: 1146 Table 'cakeouflage_dev.crm_settings' doesn't exist
[16-May-2026 17:05:32 Asia/Kolkata] PHP Fatal error:  Uncaught PDOException: PDO::__construct(): php_network_getaddresses: getaddrinfo for cakeouflage_mysql failed: No such host is known.  in D:\GITHUB Projects\Cakeouflage E-commerce\cakeouflage-ecommerce\app\Core\Database.php:61
Stack trace:
#0 D:\GITHUB Projects\Cakeouflage E-commerce\cakeouflage-ecommerce\app\Core\Database.php(61): PDO->__construct('mysql:host=cake...', 'root', 'rootpassword', Array)
#1 Command line code(1): App\Core\Database::getConnection()
#2 {main}

Next PDOException: SQLSTATE[HY000] [2002] php_network_getaddresses: getaddrinfo for cakeouflage_mysql failed: No such host is known.  in D:\GITHUB Projects\Cakeouflage E-commerce\cakeouflage-ecommerce\app\Core\Database.php:61
Stack trace:
#0 D:\GITHUB Projects\Cakeouflage E-commerce\cakeouflage-ecommerce\app\Core\Database.php(61): PDO->__construct('mysql:host=cake...', 'root', 'rootpassword', Array)
#1 Command line code(1): App\Core\Database::getConnection()
#2 {main}

Next RuntimeException: SQLSTATE[HY000] [2002] php_network_getaddresses: getaddrinfo for cakeouflage_mysql failed: No such host is known.  in D:\GITHUB Projects\Cakeouflage E-commerce\cakeouflage-ecommerce\app\Core\Database.php:68
Stack trace:
#0 Command line code(1): App\Core\Database::getConnection()
#1 {main}
  thrown in D:\GITHUB Projects\Cakeouflage E-commerce\cakeouflage-ecommerce\app\Core\Database.php on line 68
[16-May-2026 17:05:33 Asia/Kolkata] [2026-05-16T17:05:33+05:30] Fatal error: Uncaught PDOException: PDO::__construct(): php_network_getaddresses: getaddrinfo for cakeouflage_mysql failed: No such host is known.  in D:\GITHUB Projects\Cakeouflage E-commerce\cakeouflage-ecommerce\app\Core\Database.php:61
Stack trace:
#0 D:\GITHUB Projects\Cakeouflage E-commerce\cakeouflage-ecommerce\app\Core\Database.php(61): PDO->__construct('mysql:host=cake...', 'root', 'rootpassword', Array)
#1 Command line code(1): App\Core\Database::getConnection()
#2 {main}

Next PDOException: SQLSTATE[HY000] [2002] php_network_getaddresses: getaddrinfo for cakeouflage_mysql failed: No such host is known.  in D:\GITHUB Projects\Cakeouflage E-commerce\cakeouflage-ecommerce\app\Core\Database.php:61
Stack trace:
#0 D:\GITHUB Projects\Cakeouflage E-commerce\cakeouflage-ecommerce\app\Core\Database.php(61): PDO->__construct('mysql:host=cake...', 'root', 'rootpassword', Array)
#1 Command line code(1): App\Core\Database::getConnection()
#2 {main}

Next RuntimeException: SQLSTATE[HY000] [2002] php_network_getaddresses: getaddrinfo for cakeouflage_mysql failed: No such host is known.  in D:\GITHUB Projects\Cakeouflage E-commerce\cakeouflage-ecommerce\app\Core\Database.php:68
Stack trace:
#0 Command line code(1): App\Core\Database::getConnection()
#1 {main}
  thrown in D:\GITHUB Projects\Cakeouflage E-commerce\cakeouflage-ecommerce\app\Core\Database.php:68
[16-May-2026 17:52:06 Asia/Kolkata] OTP send failed for parin11@gmail.com: Call to undefined method App\Core\App::getPdo()
[16-May-2026 18:36:09 Asia/Kolkata] [2026-05-16T18:36:09+05:30] SQLSTATE[HY000] [2002] php_network_getaddresses: getaddrinfo for cakeouflage_mysql failed: No such host is known.  in D:\GITHUB Projects\Cakeouflage E-commerce\cakeouflage-ecommerce\app\Core\Database.php:68\n#0 D:\GITHUB Projects\Cakeouflage E-commerce\cakeouflage-ecommerce\.tmp_send_email_tests.php(9): App\Core\Database::getConnection()
#1 {main}
[16-May-2026 18:36:41 Asia/Kolkata] [2026-05-16T18:36:41+05:30] SQLSTATE[HY000] [2002] php_network_getaddresses: getaddrinfo for cakeouflage_mysql failed: No such host is known.  in D:\GITHUB Projects\Cakeouflage E-commerce\cakeouflage-ecommerce\app\Core\Database.php:68\n#0 D:\GITHUB Projects\Cakeouflage E-commerce\cakeouflage-ecommerce\.tmp_send_email_tests.php(10): App\Core\Database::getConnection()
#1 {main}
[16-May-2026 19:03:03 Asia/Kolkata] [2026-05-16T19:03:03+05:30] SQLSTATE[HY000] [2002] php_network_getaddresses: getaddrinfo for cakeouflage_mysql failed: No such host is known.  in D:\GITHUB Projects\Cakeouflage E-commerce\cakeouflage-ecommerce\app\Core\Database.php:68\n#0 D:\GITHUB Projects\Cakeouflage E-commerce\cakeouflage-ecommerce\.tmp_sync_comm_templates.php(4): App\Core\Database::getConnection()
#1 {main}
[16-May-2026 19:03:15 Asia/Kolkata] [2026-05-16T19:03:15+05:30] SQLSTATE[HY000] [2002] php_network_getaddresses: getaddrinfo for cakeouflage_mysql failed: No such host is known.  in D:\GITHUB Projects\Cakeouflage E-commerce\cakeouflage-ecommerce\app\Core\Database.php:68\n#0 D:\GITHUB Projects\Cakeouflage E-commerce\cakeouflage-ecommerce\.tmp_sync_comm_templates.php(4): App\Core\Database::getConnection()
#1 {main}
[16-May-2026 22:40:46 Asia/Kolkata] [2026-05-16T22:40:46+05:30] call_user_func_array() expects parameter 1 to be a valid callback, class 'App\Controllers\WebController' does not have a method 'sitemap' in /home/sites/14b/b/bf69cff851/public_html/cakeouflage.com/app/Core/App.php:299\n#0 /home/sites/14b/b/bf69cff851/public_html/cakeouflage.com/app/Core/App.php(299): call_user_func_array(Array, Array)
#1 /home/sites/14b/b/bf69cff851/public_html/cakeouflage.com/index.php(44): App\Core\App->run()
#2 {main}
[16-May-2026 22:42:10 Asia/Kolkata] [2026-05-16T22:42:10+05:30] call_user_func_array() expects parameter 1 to be a valid callback, class 'App\Controllers\WebController' does not have a method 'sitemap' in /home/sites/14b/b/bf69cff851/public_html/cakeouflage.com/app/Core/App.php:299\n#0 /home/sites/14b/b/bf69cff851/public_html/cakeouflage.com/app/Core/App.php(299): call_user_func_array(Array, Array)
#1 /home/sites/14b/b/bf69cff851/public_html/cakeouflage.com/index.php(44): App\Core\App->run()
#2 {main}
[16-May-2026 22:42:31 Asia/Kolkata] [2026-05-16T22:42:31+05:30] call_user_func_array() expects parameter 1 to be a valid callback, class 'App\Controllers\WebController' does not have a method 'robots' in /home/sites/14b/b/bf69cff851/public_html/cakeouflage.com/app/Core/App.php:299\n#0 /home/sites/14b/b/bf69cff851/public_html/cakeouflage.com/app/Core/App.php(299): call_user_func_array(Array, Array)
#1 /home/sites/14b/b/bf69cff851/public_html/cakeouflage.com/index.php(44): App\Core\App->run()
#2 {main}
[16-May-2026 22:44:28 Asia/Kolkata] [2026-05-16T22:44:28+05:30] call_user_func_array() expects parameter 1 to be a valid callback, class 'App\Controllers\WebController' does not have a method 'sitemap' in /home/sites/14b/b/bf69cff851/public_html/cakeouflage.com/app/Core/App.php:299\n#0 /home/sites/14b/b/bf69cff851/public_html/cakeouflage.com/app/Core/App.php(299): call_user_func_array(Array, Array)
#1 /home/sites/14b/b/bf69cff851/public_html/cakeouflage.com/index.php(44): App\Core\App->run()
#2 {main}
[16-May-2026 22:46:38 Asia/Kolkata] [2026-05-16T22:46:38+05:30] call_user_func_array() expects parameter 1 to be a valid callback, class 'App\Controllers\WebController' does not have a method 'sitemap' in /home/sites/14b/b/bf69cff851/public_html/cakeouflage.com/app/Core/App.php:299\n#0 /home/sites/14b/b/bf69cff851/public_html/cakeouflage.com/app/Core/App.php(299): call_user_func_array(Array, Array)
#1 /home/sites/14b/b/bf69cff851/public_html/cakeouflage.com/index.php(44): App\Core\App->run()
#2 {main}
[16-May-2026 22:53:46 Asia/Kolkata] [2026-05-16T22:53:46+05:30] call_user_func_array() expects parameter 1 to be a valid callback, class 'App\Controllers\WebController' does not have a method 'sitemap' in /home/sites/14b/b/bf69cff851/public_html/cakeouflage.com/app/Core/App.php:299\n#0 /home/sites/14b/b/bf69cff851/public_html/cakeouflage.com/app/Core/App.php(299): call_user_func_array(Array, Array)
#1 /home/sites/14b/b/bf69cff851/public_html/cakeouflage.com/index.php(44): App\Core\App->run()
#2 {main}
[16-May-2026 23:09:31 Asia/Kolkata] [2026-05-16T23:09:31+05:30] SQLSTATE[42S02]: Base table or view not found: 1146 Table 'cakeouflage-3530373538ac.follow_up_reminders' doesn't exist in /home/sites/14b/b/bf69cff851/public_html/cakeouflage.com/test_fup.php:11\n#0 /home/sites/14b/b/bf69cff851/public_html/cakeouflage.com/test_fup.php(11): PDO->query('SELECT COUNT(*)...')
#1 {main}
[17-May-2026 10:36:33 Asia/Kolkata] [2026-05-17T10:36:33+05:30] syntax error, unexpected 'bool' (T_STRING), expecting function (T_FUNCTION) or const (T_CONST) in /home/sites/14b/b/bf69cff851/public_html/cakeouflage.com/app/Controllers/ApiController.php:20\n#0 [internal function]: {closure}('App\\Controllers...')
#1 /home/sites/14b/b/bf69cff851/public_html/cakeouflage.com/app/Core/App.php(302): spl_autoload_call('App\\Controllers...')
#2 /home/sites/14b/b/bf69cff851/public_html/cakeouflage.com/index.php(44): App\Core\App->run()
#3 {main}
[17-May-2026 10:46:14 Asia/Kolkata] [2026-05-17T10:46:14+05:30] syntax error, unexpected 'bool' (T_STRING), expecting function (T_FUNCTION) or const (T_CONST) in /home/sites/14b/b/bf69cff851/public_html/cakeouflage.com/app/Controllers/ApiController.php:20\n#0 [internal function]: {closure}('App\\Controllers...')
#1 /home/sites/14b/b/bf69cff851/public_html/cakeouflage.com/app/Core/App.php(302): spl_autoload_call('App\\Controllers...')
#2 /home/sites/14b/b/bf69cff851/public_html/cakeouflage.com/index.php(44): App\Core\App->run()
#3 {main}
[17-May-2026 10:54:16 Asia/Kolkata] [2026-05-17T10:54:16+05:30] syntax error, unexpected 'bool' (T_STRING), expecting function (T_FUNCTION) or const (T_CONST) in /home/sites/14b/b/bf69cff851/public_html/cakeouflage.com/app/Controllers/ApiController.php:20\n#0 [internal function]: {closure}('App\\Controllers...')
#1 /home/sites/14b/b/bf69cff851/public_html/cakeouflage.com/app/Core/App.php(302): spl_autoload_call('App\\Controllers...')
#2 /home/sites/14b/b/bf69cff851/public_html/cakeouflage.com/index.php(44): App\Core\App->run()
#3 {main}
[17-May-2026 10:55:09 Asia/Kolkata] [2026-05-17T10:55:09+05:30] syntax error, unexpected 'bool' (T_STRING), expecting function (T_FUNCTION) or const (T_CONST) in /home/sites/14b/b/bf69cff851/public_html/cakeouflage.com/app/Controllers/ApiController.php:20\n#0 [internal function]: {closure}('App\\Controllers...')
#1 /home/sites/14b/b/bf69cff851/public_html/cakeouflage.com/app/Core/App.php(302): spl_autoload_call('App\\Controllers...')
#2 /home/sites/14b/b/bf69cff851/public_html/cakeouflage.com/index.php(44): App\Core\App->run()
#3 {main}
[17-May-2026 10:55:12 Asia/Kolkata] [2026-05-17T10:55:12+05:30] syntax error, unexpected 'bool' (T_STRING), expecting function (T_FUNCTION) or const (T_CONST) in /home/sites/14b/b/bf69cff851/public_html/cakeouflage.com/app/Controllers/ApiController.php:20\n#0 [internal function]: {closure}('App\\Controllers...')
#1 /home/sites/14b/b/bf69cff851/public_html/cakeouflage.com/app/Core/App.php(302): spl_autoload_call('App\\Controllers...')
#2 /home/sites/14b/b/bf69cff851/public_html/cakeouflage.com/index.php(44): App\Core\App->run()
#3 {main}
[17-May-2026 10:55:14 Asia/Kolkata] [2026-05-17T10:55:14+05:30] syntax error, unexpected 'bool' (T_STRING), expecting function (T_FUNCTION) or const (T_CONST) in /home/sites/14b/b/bf69cff851/public_html/cakeouflage.com/app/Controllers/ApiController.php:20\n#0 [internal function]: {closure}('App\\Controllers...')
#1 /home/sites/14b/b/bf69cff851/public_html/cakeouflage.com/app/Core/App.php(302): spl_autoload_call('App\\Controllers...')
#2 /home/sites/14b/b/bf69cff851/public_html/cakeouflage.com/index.php(44): App\Core\App->run()
#3 {main}
[17-May-2026 10:55:17 Asia/Kolkata] [2026-05-17T10:55:17+05:30] syntax error, unexpected 'bool' (T_STRING), expecting function (T_FUNCTION) or const (T_CONST) in /home/sites/14b/b/bf69cff851/public_html/cakeouflage.com/app/Controllers/ApiController.php:20\n#0 [internal function]: {closure}('App\\Controllers...')
#1 /home/sites/14b/b/bf69cff851/public_html/cakeouflage.com/app/Core/App.php(302): spl_autoload_call('App\\Controllers...')
#2 /home/sites/14b/b/bf69cff851/public_html/cakeouflage.com/index.php(44): App\Core\App->run()
#3 {main}
[17-May-2026 10:55:20 Asia/Kolkata] [2026-05-17T10:55:20+05:30] syntax error, unexpected 'bool' (T_STRING), expecting function (T_FUNCTION) or const (T_CONST) in /home/sites/14b/b/bf69cff851/public_html/cakeouflage.com/app/Controllers/ApiController.php:20\n#0 [internal function]: {closure}('App\\Controllers...')
#1 /home/sites/14b/b/bf69cff851/public_html/cakeouflage.com/app/Core/App.php(302): spl_autoload_call('App\\Controllers...')
#2 /home/sites/14b/b/bf69cff851/public_html/cakeouflage.com/index.php(44): App\Core\App->run()
#3 {main}
[17-May-2026 10:55:23 Asia/Kolkata] [2026-05-17T10:55:23+05:30] syntax error, unexpected 'bool' (T_STRING), expecting function (T_FUNCTION) or const (T_CONST) in /home/sites/14b/b/bf69cff851/public_html/cakeouflage.com/app/Controllers/ApiController.php:20\n#0 [internal function]: {closure}('App\\Controllers...')
#1 /home/sites/14b/b/bf69cff851/public_html/cakeouflage.com/app/Core/App.php(302): spl_autoload_call('App\\Controllers...')
#2 /home/sites/14b/b/bf69cff851/public_html/cakeouflage.com/index.php(44): App\Core\App->run()
#3 {main}
[17-May-2026 10:55:35 Asia/Kolkata] [2026-05-17T10:55:35+05:30] syntax error, unexpected 'bool' (T_STRING), expecting function (T_FUNCTION) or const (T_CONST) in /home/sites/14b/b/bf69cff851/public_html/cakeouflage.com/app/Controllers/ApiController.php:20\n#0 [internal function]: {closure}('App\\Controllers...')
#1 /home/sites/14b/b/bf69cff851/public_html/cakeouflage.com/app/Core/App.php(302): spl_autoload_call('App\\Controllers...')
#2 /home/sites/14b/b/bf69cff851/public_html/cakeouflage.com/index.php(44): App\Core\App->run()
#3 {main}
[17-May-2026 10:55:35 Asia/Kolkata] [2026-05-17T10:55:35+05:30] syntax error, unexpected 'bool' (T_STRING), expecting function (T_FUNCTION) or const (T_CONST) in /home/sites/14b/b/bf69cff851/public_html/cakeouflage.com/app/Controllers/ApiController.php:20\n#0 [internal function]: {closure}('App\\Controllers...')
#1 /home/sites/14b/b/bf69cff851/public_html/cakeouflage.com/app/Core/App.php(302): spl_autoload_call('App\\Controllers...')
#2 /home/sites/14b/b/bf69cff851/public_html/cakeouflage.com/index.php(44): App\Core\App->run()
#3 {main}
[17-May-2026 10:55:42 Asia/Kolkata] [2026-05-17T10:55:42+05:30] syntax error, unexpected 'bool' (T_STRING), expecting function (T_FUNCTION) or const (T_CONST) in /home/sites/14b/b/bf69cff851/public_html/cakeouflage.com/app/Controllers/ApiController.php:20\n#0 [internal function]: {closure}('App\\Controllers...')
#1 /home/sites/14b/b/bf69cff851/public_html/cakeouflage.com/app/Core/App.php(302): spl_autoload_call('App\\Controllers...')
#2 /home/sites/14b/b/bf69cff851/public_html/cakeouflage.com/index.php(44): App\Core\App->run()
#3 {main}
[17-May-2026 10:55:44 Asia/Kolkata] [2026-05-17T10:55:44+05:30] syntax error, unexpected 'bool' (T_STRING), expecting function (T_FUNCTION) or const (T_CONST) in /home/sites/14b/b/bf69cff851/public_html/cakeouflage.com/app/Controllers/ApiController.php:20\n#0 [internal function]: {closure}('App\\Controllers...')
#1 /home/sites/14b/b/bf69cff851/public_html/cakeouflage.com/app/Core/App.php(302): spl_autoload_call('App\\Controllers...')
#2 /home/sites/14b/b/bf69cff851/public_html/cakeouflage.com/index.php(44): App\Core\App->run()
#3 {main}
[17-May-2026 10:55:48 Asia/Kolkata] [2026-05-17T10:55:48+05:30] syntax error, unexpected 'bool' (T_STRING), expecting function (T_FUNCTION) or const (T_CONST) in /home/sites/14b/b/bf69cff851/public_html/cakeouflage.com/app/Controllers/ApiController.php:20\n#0 [internal function]: {closure}('App\\Controllers...')
#1 /home/sites/14b/b/bf69cff851/public_html/cakeouflage.com/app/Core/App.php(302): spl_autoload_call('App\\Controllers...')
#2 /home/sites/14b/b/bf69cff851/public_html/cakeouflage.com/index.php(44): App\Core\App->run()
#3 {main}
[17-May-2026 11:23:08 Asia/Kolkata] [2026-05-17T11:23:08+05:30] syntax error, unexpected 'bool' (T_STRING), expecting function (T_FUNCTION) or const (T_CONST) in /home/sites/14b/b/bf69cff851/public_html/cakeouflage.com/app/Controllers/ApiController.php:20\n#0 [internal function]: {closure}('App\\Controllers...')
#1 /home/sites/14b/b/bf69cff851/public_html/cakeouflage.com/app/Core/App.php(302): spl_autoload_call('App\\Controllers...')
#2 /home/sites/14b/b/bf69cff851/public_html/cakeouflage.com/index.php(44): App\Core\App->run()
#3 {main}
[17-May-2026 11:24:01 Asia/Kolkata] [2026-05-17T11:24:01+05:30] syntax error, unexpected 'bool' (T_STRING), expecting function (T_FUNCTION) or const (T_CONST) in /home/sites/14b/b/bf69cff851/public_html/cakeouflage.com/app/Controllers/ApiController.php:20\n#0 [internal function]: {closure}('App\\Controllers...')
#1 /home/sites/14b/b/bf69cff851/public_html/cakeouflage.com/app/Core/App.php(302): spl_autoload_call('App\\Controllers...')
#2 /home/sites/14b/b/bf69cff851/public_html/cakeouflage.com/index.php(44): App\Core\App->run()
#3 {main}
[17-May-2026 11:51:53 Asia/Kolkata] [2026-05-17T11:51:53+05:30] syntax error, unexpected 'bool' (T_STRING), expecting function (T_FUNCTION) or const (T_CONST) in /home/sites/14b/b/bf69cff851/public_html/cakeouflage.com/app/Controllers/ApiController.php:20\n#0 [internal function]: {closure}('App\\Controllers...')
#1 /home/sites/14b/b/bf69cff851/public_html/cakeouflage.com/app/Core/App.php(302): spl_autoload_call('App\\Controllers...')
#2 /home/sites/14b/b/bf69cff851/public_html/cakeouflage.com/index.php(44): App\Core\App->run()
#3 {main}
[17-May-2026 11:51:53 Asia/Kolkata] [2026-05-17T11:51:53+05:30] syntax error, unexpected 'bool' (T_STRING), expecting function (T_FUNCTION) or const (T_CONST) in /home/sites/14b/b/bf69cff851/public_html/cakeouflage.com/app/Controllers/ApiController.php:20\n#0 [internal function]: {closure}('App\\Controllers...')
#1 /home/sites/14b/b/bf69cff851/public_html/cakeouflage.com/app/Core/App.php(302): spl_autoload_call('App\\Controllers...')
#2 /home/sites/14b/b/bf69cff851/public_html/cakeouflage.com/index.php(44): App\Core\App->run()
#3 {main}
[17-May-2026 11:52:04 Asia/Kolkata] [2026-05-17T11:52:04+05:30] syntax error, unexpected 'bool' (T_STRING), expecting function (T_FUNCTION) or const (T_CONST) in /home/sites/14b/b/bf69cff851/public_html/cakeouflage.com/app/Controllers/ApiController.php:20\n#0 [internal function]: {closure}('App\\Controllers...')
#1 /home/sites/14b/b/bf69cff851/public_html/cakeouflage.com/app/Core/App.php(302): spl_autoload_call('App\\Controllers...')
#2 /home/sites/14b/b/bf69cff851/public_html/cakeouflage.com/index.php(44): App\Core\App->run()
#3 {main}
[17-May-2026 11:52:15 Asia/Kolkata] [2026-05-17T11:52:15+05:30] syntax error, unexpected 'bool' (T_STRING), expecting function (T_FUNCTION) or const (T_CONST) in /home/sites/14b/b/bf69cff851/public_html/cakeouflage.com/app/Controllers/ApiController.php:20\n#0 [internal function]: {closure}('App\\Controllers...')
#1 /home/sites/14b/b/bf69cff851/public_html/cakeouflage.com/app/Core/App.php(302): spl_autoload_call('App\\Controllers...')
#2 /home/sites/14b/b/bf69cff851/public_html/cakeouflage.com/index.php(44): App\Core\App->run()
#3 {main}
[17-May-2026 11:52:18 Asia/Kolkata] [2026-05-17T11:52:18+05:30] syntax error, unexpected 'bool' (T_STRING), expecting function (T_FUNCTION) or const (T_CONST) in /home/sites/14b/b/bf69cff851/public_html/cakeouflage.com/app/Controllers/ApiController.php:20\n#0 [internal function]: {closure}('App\\Controllers...')
#1 /home/sites/14b/b/bf69cff851/public_html/cakeouflage.com/app/Core/App.php(302): spl_autoload_call('App\\Controllers...')
#2 /home/sites/14b/b/bf69cff851/public_html/cakeouflage.com/index.php(44): App\Core\App->run()
#3 {main}
[17-May-2026 11:52:22 Asia/Kolkata] [2026-05-17T11:52:22+05:30] syntax error, unexpected 'bool' (T_STRING), expecting function (T_FUNCTION) or const (T_CONST) in /home/sites/14b/b/bf69cff851/public_html/cakeouflage.com/app/Controllers/ApiController.php:20\n#0 [internal function]: {closure}('App\\Controllers...')
#1 /home/sites/14b/b/bf69cff851/public_html/cakeouflage.com/app/Core/App.php(302): spl_autoload_call('App\\Controllers...')
#2 /home/sites/14b/b/bf69cff851/public_html/cakeouflage.com/index.php(44): App\Core\App->run()
#3 {main}
[17-May-2026 11:52:32 Asia/Kolkata] [2026-05-17T11:52:32+05:30] syntax error, unexpected 'bool' (T_STRING), expecting function (T_FUNCTION) or const (T_CONST) in /home/sites/14b/b/bf69cff851/public_html/cakeouflage.com/app/Controllers/ApiController.php:20\n#0 [internal function]: {closure}('App\\Controllers...')
#1 /home/sites/14b/b/bf69cff851/public_html/cakeouflage.com/app/Core/App.php(302): spl_autoload_call('App\\Controllers...')
#2 /home/sites/14b/b/bf69cff851/public_html/cakeouflage.com/index.php(44): App\Core\App->run()
#3 {main}
[17-May-2026 11:52:33 Asia/Kolkata] [2026-05-17T11:52:33+05:30] syntax error, unexpected 'bool' (T_STRING), expecting function (T_FUNCTION) or const (T_CONST) in /home/sites/14b/b/bf69cff851/public_html/cakeouflage.com/app/Controllers/ApiController.php:20\n#0 [internal function]: {closure}('App\\Controllers...')
#1 /home/sites/14b/b/bf69cff851/public_html/cakeouflage.com/app/Core/App.php(302): spl_autoload_call('App\\Controllers...')
#2 /home/sites/14b/b/bf69cff851/public_html/cakeouflage.com/index.php(44): App\Core\App->run()
#3 {main}
[17-May-2026 11:53:01 Asia/Kolkata] [2026-05-17T11:53:01+05:30] syntax error, unexpected 'bool' (T_STRING), expecting function (T_FUNCTION) or const (T_CONST) in /home/sites/14b/b/bf69cff851/public_html/cakeouflage.com/app/Controllers/ApiController.php:20\n#0 [internal function]: {closure}('App\\Controllers...')
#1 /home/sites/14b/b/bf69cff851/public_html/cakeouflage.com/app/Core/App.php(302): spl_autoload_call('App\\Controllers...')
#2 /home/sites/14b/b/bf69cff851/public_html/cakeouflage.com/index.php(44): App\Core\App->run()
#3 {main}
[17-May-2026 11:53:02 Asia/Kolkata] [2026-05-17T11:53:02+05:30] syntax error, unexpected 'bool' (T_STRING), expecting function (T_FUNCTION) or const (T_CONST) in /home/sites/14b/b/bf69cff851/public_html/cakeouflage.com/app/Controllers/ApiController.php:20\n#0 [internal function]: {closure}('App\\Controllers...')
#1 /home/sites/14b/b/bf69cff851/public_html/cakeouflage.com/app/Core/App.php(302): spl_autoload_call('App\\Controllers...')
#2 /home/sites/14b/b/bf69cff851/public_html/cakeouflage.com/index.php(44): App\Core\App->run()
#3 {main}
[17-May-2026 15:10:43 Asia/Kolkata] [2026-05-17T15:10:43+05:30] syntax error, unexpected 'bool' (T_STRING), expecting function (T_FUNCTION) or const (T_CONST) in /home/sites/14b/b/bf69cff851/public_html/cakeouflage.com/app/Controllers/ApiController.php:20\n#0 [internal function]: {closure}('App\\Controllers...')
#1 /home/sites/14b/b/bf69cff851/public_html/cakeouflage.com/app/Core/App.php(302): spl_autoload_call('App\\Controllers...')
#2 /home/sites/14b/b/bf69cff851/public_html/cakeouflage.com/index.php(44): App\Core\App->run()
#3 {main}
[17-May-2026 15:10:44 Asia/Kolkata] [2026-05-17T15:10:44+05:30] syntax error, unexpected 'bool' (T_STRING), expecting function (T_FUNCTION) or const (T_CONST) in /home/sites/14b/b/bf69cff851/public_html/cakeouflage.com/app/Controllers/ApiController.php:20\n#0 [internal function]: {closure}('App\\Controllers...')
#1 /home/sites/14b/b/bf69cff851/public_html/cakeouflage.com/app/Core/App.php(302): spl_autoload_call('App\\Controllers...')
#2 /home/sites/14b/b/bf69cff851/public_html/cakeouflage.com/index.php(44): App\Core\App->run()
#3 {main}
[17-May-2026 15:10:46 Asia/Kolkata] [2026-05-17T15:10:46+05:30] syntax error, unexpected 'bool' (T_STRING), expecting function (T_FUNCTION) or const (T_CONST) in /home/sites/14b/b/bf69cff851/public_html/cakeouflage.com/app/Controllers/ApiController.php:20\n#0 [internal function]: {closure}('App\\Controllers...')
#1 /home/sites/14b/b/bf69cff851/public_html/cakeouflage.com/app/Core/App.php(302): spl_autoload_call('App\\Controllers...')
#2 /home/sites/14b/b/bf69cff851/public_html/cakeouflage.com/index.php(44): App\Core\App->run()
#3 {main}
[17-May-2026 15:17:37 Asia/Kolkata] [2026-05-17T15:17:37+05:30] syntax error, unexpected 'bool' (T_STRING), expecting function (T_FUNCTION) or const (T_CONST) in /home/sites/14b/b/bf69cff851/public_html/cakeouflage.com/app/Controllers/ApiController.php:20\n#0 [internal function]: {closure}('App\\Controllers...')
#1 /home/sites/14b/b/bf69cff851/public_html/cakeouflage.com/app/Core/App.php(302): spl_autoload_call('App\\Controllers...')
#2 /home/sites/14b/b/bf69cff851/public_html/cakeouflage.com/index.php(44): App\Core\App->run()
#3 {main}
[17-May-2026 15:20:32 Asia/Kolkata] [2026-05-17T15:20:32+05:30] syntax error, unexpected 'bool' (T_STRING), expecting function (T_FUNCTION) or const (T_CONST) in /home/sites/14b/b/bf69cff851/public_html/cakeouflage.com/app/Controllers/ApiController.php:20\n#0 [internal function]: {closure}('App\\Controllers...')
#1 /home/sites/14b/b/bf69cff851/public_html/cakeouflage.com/app/Core/App.php(302): spl_autoload_call('App\\Controllers...')
#2 /home/sites/14b/b/bf69cff851/public_html/cakeouflage.com/index.php(44): App\Core\App->run()
#3 {main}
[17-May-2026 15:20:32 Asia/Kolkata] [2026-05-17T15:20:32+05:30] syntax error, unexpected 'bool' (T_STRING), expecting function (T_FUNCTION) or const (T_CONST) in /home/sites/14b/b/bf69cff851/public_html/cakeouflage.com/app/Controllers/ApiController.php:20\n#0 [internal function]: {closure}('App\\Controllers...')
#1 /home/sites/14b/b/bf69cff851/public_html/cakeouflage.com/app/Core/App.php(302): spl_autoload_call('App\\Controllers...')
#2 /home/sites/14b/b/bf69cff851/public_html/cakeouflage.com/index.php(44): App\Core\App->run()
#3 {main}
